2025-11-27 14:23:48.800420: Loaded 3000 images, 9 categories
2025-11-27 14:23:48.801303: Config: 50 epochs, batch_size=8, lr=0.0001
2025-11-27 14:23:48.807732: Auto-tuning ASPP dilation rates...
2025-11-27 14:23:48.808534: 
Testing dilation rates: [3, 6, 12]
2025-11-27 14:26:10.535578: Val IoU (mean): 0.4386
2025-11-27 14:26:10.536403: Per-class IoU:
2025-11-27 14:26:10.537161:   Class 0: 0.9622
2025-11-27 14:26:10.537915:   Class 1: 0.3726
2025-11-27 14:26:10.538674:   Class 2: 0.3923
2025-11-27 14:26:10.539438:   Class 3: 0.4015
2025-11-27 14:26:10.540192:   Class 4: 0.2423
2025-11-27 14:26:10.541033:   Class 5: 0.3264
2025-11-27 14:26:10.541799:   Class 6: 0.4075
2025-11-27 14:26:10.542555:   Class 7: 0.5311
2025-11-27 14:26:10.543313:   Class 8: 0.3111
2025-11-27 14:26:10.545212:   Validation IoU: 0.4386
2025-11-27 14:26:10.564226: 
Testing dilation rates: [6, 12, 18]
2025-11-27 14:28:28.545756: Val IoU (mean): 0.4329
2025-11-27 14:28:28.546395: Per-class IoU:
2025-11-27 14:28:28.546889:   Class 0: 0.9567
2025-11-27 14:28:28.547560:   Class 1: 0.4412
2025-11-27 14:28:28.548189:   Class 2: 0.3858
2025-11-27 14:28:28.548947:   Class 3: 0.3290
2025-11-27 14:28:28.549707:   Class 4: 0.2269
2025-11-27 14:28:28.550472:   Class 5: 0.2540
2025-11-27 14:28:28.551226:   Class 6: 0.3860
2025-11-27 14:28:28.551985:   Class 7: 0.5712
2025-11-27 14:28:28.552744:   Class 8: 0.3449
2025-11-27 14:28:28.554712:   Validation IoU: 0.4329
2025-11-27 14:28:28.572964: 
Testing dilation rates: [2, 4, 8]
2025-11-27 14:30:46.860823: Val IoU (mean): 0.3843
2025-11-27 14:30:46.861564: Per-class IoU:
2025-11-27 14:30:46.862176:   Class 0: 0.9612
2025-11-27 14:30:46.862752:   Class 1: 0.3876
2025-11-27 14:30:46.863413:   Class 2: 0.3607
2025-11-27 14:30:46.863964:   Class 3: 0.3202
2025-11-27 14:30:46.864670:   Class 4: 0.0296
2025-11-27 14:30:46.865360:   Class 5: 0.2525
2025-11-27 14:30:46.865980:   Class 6: 0.2746
2025-11-27 14:30:46.866512:   Class 7: 0.5379
2025-11-27 14:30:46.867030:   Class 8: 0.3344
2025-11-27 14:30:46.868799:   Validation IoU: 0.3843
2025-11-27 14:30:46.887323: 
Testing dilation rates: [4, 8, 16]
2025-11-27 14:33:05.349886: Val IoU (mean): 0.3963
2025-11-27 14:33:05.350545: Per-class IoU:
2025-11-27 14:33:05.351099:   Class 0: 0.9648
2025-11-27 14:33:05.351591:   Class 1: 0.4150
2025-11-27 14:33:05.352081:   Class 2: 0.3702
2025-11-27 14:33:05.352558:   Class 3: 0.3707
2025-11-27 14:33:05.353029:   Class 4: 0.0649
2025-11-27 14:33:05.353532:   Class 5: 0.2476
2025-11-27 14:33:05.354100:   Class 6: 0.3806
2025-11-27 14:33:05.354623:   Class 7: 0.5244
2025-11-27 14:33:05.355193:   Class 8: 0.2284
2025-11-27 14:33:05.358544:   Validation IoU: 0.3963
2025-11-27 14:33:05.377115: 
Best dilation config: [3, 6, 12] (IoU: 0.4386)
2025-11-27 14:33:05.379499: Stratified split: Train=4800 (original+augmented), Val=300, Test=300
2025-11-27 14:33:05.948956: Starting training...
2025-11-27 14:34:41.365484: Val IoU (mean): 0.3661
2025-11-27 14:34:41.366156: Per-class IoU:
2025-11-27 14:34:41.366720:   Class 0: 0.9629
2025-11-27 14:34:41.367417:   Class 1: 0.2590
2025-11-27 14:34:41.367938:   Class 2: 0.3117
2025-11-27 14:34:41.368469:   Class 3: 0.3651
2025-11-27 14:34:41.368988:   Class 4: 0.0000
2025-11-27 14:34:41.369660:   Class 5: 0.2725
2025-11-27 14:34:41.370420:   Class 6: 0.3584
2025-11-27 14:34:41.371175:   Class 7: 0.5096
2025-11-27 14:34:41.371936:   Class 8: 0.2555
2025-11-27 14:34:41.373949: Epoch 1/50 - Loss: 0.4362, Val IoU: 0.3661
2025-11-27 14:34:44.226977:   New best IoU: 0.3661
2025-11-27 14:36:19.675257: Val IoU (mean): 0.4812
2025-11-27 14:36:19.676068: Per-class IoU:
2025-11-27 14:36:19.676717:   Class 0: 0.9647
2025-11-27 14:36:19.677274:   Class 1: 0.3795
2025-11-27 14:36:19.677838:   Class 2: 0.5589
2025-11-27 14:36:19.678377:   Class 3: 0.3817
2025-11-27 14:36:19.678870:   Class 4: 0.3481
2025-11-27 14:36:19.679400:   Class 5: 0.2986
2025-11-27 14:36:19.679943:   Class 6: 0.3868
2025-11-27 14:36:19.680510:   Class 7: 0.5557
2025-11-27 14:36:19.681056:   Class 8: 0.4568
2025-11-27 14:36:19.682942: Epoch 2/50 - Loss: 0.1243, Val IoU: 0.4812
2025-11-27 14:36:22.581047:   New best IoU: 0.4812
2025-11-27 14:37:58.497826: Val IoU (mean): 0.5139
2025-11-27 14:37:58.498554: Per-class IoU:
2025-11-27 14:37:58.499178:   Class 0: 0.9680
2025-11-27 14:37:58.499870:   Class 1: 0.4690
2025-11-27 14:37:58.500633:   Class 2: 0.4759
2025-11-27 14:37:58.501393:   Class 3: 0.3776
2025-11-27 14:37:58.502071:   Class 4: 0.3771
2025-11-27 14:37:58.502841:   Class 5: 0.3090
2025-11-27 14:37:58.503602:   Class 6: 0.4680
2025-11-27 14:37:58.504359:   Class 7: 0.6474
2025-11-27 14:37:58.505126:   Class 8: 0.5332
2025-11-27 14:37:58.507927: Epoch 3/50 - Loss: 0.0841, Val IoU: 0.5139
2025-11-27 14:38:01.442516:   New best IoU: 0.5139
2025-11-27 14:39:37.180032: Val IoU (mean): 0.5287
2025-11-27 14:39:37.180791: Per-class IoU:
2025-11-27 14:39:37.181304:   Class 0: 0.9667
2025-11-27 14:39:37.181881:   Class 1: 0.5273
2025-11-27 14:39:37.182420:   Class 2: 0.4859
2025-11-27 14:39:37.182974:   Class 3: 0.4000
2025-11-27 14:39:37.183515:   Class 4: 0.3940
2025-11-27 14:39:37.183992:   Class 5: 0.3561
2025-11-27 14:39:37.184525:   Class 6: 0.4860
2025-11-27 14:39:37.185289:   Class 7: 0.5832
2025-11-27 14:39:37.185770:   Class 8: 0.5594
2025-11-27 14:39:37.187406: Epoch 4/50 - Loss: 0.0693, Val IoU: 0.5287
2025-11-27 14:39:40.093388:   New best IoU: 0.5287
2025-11-27 14:41:15.903435: Val IoU (mean): 0.5512
2025-11-27 14:41:15.904339: Per-class IoU:
2025-11-27 14:41:15.904979:   Class 0: 0.9706
2025-11-27 14:41:15.905739:   Class 1: 0.5019
2025-11-27 14:41:15.906493:   Class 2: 0.5292
2025-11-27 14:41:15.907251:   Class 3: 0.4355
2025-11-27 14:41:15.908010:   Class 4: 0.3938
2025-11-27 14:41:15.908768:   Class 5: 0.3669
2025-11-27 14:41:15.909528:   Class 6: 0.5034
2025-11-27 14:41:15.910285:   Class 7: 0.6724
2025-11-27 14:41:15.910899:   Class 8: 0.5875
2025-11-27 14:41:15.912711: Epoch 5/50 - Loss: 0.0598, Val IoU: 0.5512
2025-11-27 14:41:18.814280:   New best IoU: 0.5512
2025-11-27 14:42:55.060182: Val IoU (mean): 0.5355
2025-11-27 14:42:55.061159: Per-class IoU:
2025-11-27 14:42:55.061916:   Class 0: 0.9660
2025-11-27 14:42:55.062672:   Class 1: 0.4848
2025-11-27 14:42:55.063454:   Class 2: 0.4696
2025-11-27 14:42:55.064214:   Class 3: 0.4400
2025-11-27 14:42:55.064972:   Class 4: 0.3557
2025-11-27 14:42:55.065817:   Class 5: 0.3582
2025-11-27 14:42:55.066576:   Class 6: 0.5079
2025-11-27 14:42:55.067338:   Class 7: 0.6632
2025-11-27 14:42:55.068093:   Class 8: 0.5739
2025-11-27 14:42:55.070050: Epoch 6/50 - Loss: 0.0524, Val IoU: 0.5355
2025-11-27 14:44:30.947579: Val IoU (mean): 0.5490
2025-11-27 14:44:30.948343: Per-class IoU:
2025-11-27 14:44:30.948872:   Class 0: 0.9699
2025-11-27 14:44:30.949510:   Class 1: 0.5142
2025-11-27 14:44:30.951602:   Class 2: 0.5408
2025-11-27 14:44:30.952363:   Class 3: 0.4150
2025-11-27 14:44:30.953117:   Class 4: 0.4259
2025-11-27 14:44:30.953877:   Class 5: 0.3760
2025-11-27 14:44:30.954638:   Class 6: 0.5041
2025-11-27 14:44:30.955402:   Class 7: 0.6263
2025-11-27 14:44:30.956165:   Class 8: 0.5689
2025-11-27 14:44:30.958024: Epoch 7/50 - Loss: 0.0490, Val IoU: 0.5490
2025-11-27 14:46:07.126800: Val IoU (mean): 0.5564
2025-11-27 14:46:07.127642: Per-class IoU:
2025-11-27 14:46:07.128860:   Class 0: 0.9722
2025-11-27 14:46:07.129616:   Class 1: 0.4747
2025-11-27 14:46:07.130381:   Class 2: 0.5599
2025-11-27 14:46:07.131140:   Class 3: 0.4162
2025-11-27 14:46:07.131899:   Class 4: 0.4120
2025-11-27 14:46:07.132659:   Class 5: 0.4280
2025-11-27 14:46:07.133416:   Class 6: 0.5346
2025-11-27 14:46:07.134176:   Class 7: 0.6490
2025-11-27 14:46:07.134936:   Class 8: 0.5613
2025-11-27 14:46:07.137043: Epoch 8/50 - Loss: 0.0443, Val IoU: 0.5564
2025-11-27 14:46:10.039538:   New best IoU: 0.5564
2025-11-27 14:47:45.737172: Val IoU (mean): 0.5650
2025-11-27 14:47:45.738106: Per-class IoU:
2025-11-27 14:47:45.738839:   Class 0: 0.9705
2025-11-27 14:47:45.739557:   Class 1: 0.5047
2025-11-27 14:47:45.740280:   Class 2: 0.5560
2025-11-27 14:47:45.740835:   Class 3: 0.4253
2025-11-27 14:47:45.741582:   Class 4: 0.4253
2025-11-27 14:47:45.742441:   Class 5: 0.3485
2025-11-27 14:47:45.743192:   Class 6: 0.5762
2025-11-27 14:47:45.743950:   Class 7: 0.6920
2025-11-27 14:47:45.745000:   Class 8: 0.5868
2025-11-27 14:47:45.746931: Epoch 9/50 - Loss: 0.0411, Val IoU: 0.5650
2025-11-27 14:47:48.658527:   New best IoU: 0.5650
2025-11-27 14:47:48.661634: Epoch 10: Unfroze layer4
2025-11-27 14:50:34.448951: Val IoU (mean): 0.5660
2025-11-27 14:50:34.449596: Per-class IoU:
2025-11-27 14:50:34.450177:   Class 0: 0.9708
2025-11-27 14:50:34.450933:   Class 1: 0.5105
2025-11-27 14:50:34.451693:   Class 2: 0.5720
2025-11-27 14:50:34.452449:   Class 3: 0.4748
2025-11-27 14:50:34.453210:   Class 4: 0.3525
2025-11-27 14:50:34.453970:   Class 5: 0.3587
2025-11-27 14:50:34.454729:   Class 6: 0.5679
2025-11-27 14:50:34.455489:   Class 7: 0.6741
2025-11-27 14:50:34.456247:   Class 8: 0.6131
2025-11-27 14:50:34.457997: Epoch 10/50 - Loss: 0.0423, Val IoU: 0.5660
2025-11-27 14:50:38.503297:   New best IoU: 0.5660
2025-11-27 14:53:26.396467: Val IoU (mean): 0.6016
2025-11-27 14:53:26.397107: Per-class IoU:
2025-11-27 14:53:26.397606:   Class 0: 0.9754
2025-11-27 14:53:26.398113:   Class 1: 0.5155
2025-11-27 14:53:26.398594:   Class 2: 0.5996
2025-11-27 14:53:26.399090:   Class 3: 0.4706
2025-11-27 14:53:26.399566:   Class 4: 0.4850
2025-11-27 14:53:26.400059:   Class 5: 0.4155
2025-11-27 14:53:26.400576:   Class 6: 0.6047
2025-11-27 14:53:26.401111:   Class 7: 0.6999
2025-11-27 14:53:26.401696:   Class 8: 0.6483
2025-11-27 14:53:26.403595: Epoch 11/50 - Loss: 0.0361, Val IoU: 0.6016
2025-11-27 14:53:30.466830:   New best IoU: 0.6016
2025-11-27 14:56:16.439419: Val IoU (mean): 0.5924
2025-11-27 14:56:16.440271: Per-class IoU:
2025-11-27 14:56:16.441073:   Class 0: 0.9741
2025-11-27 14:56:16.441830:   Class 1: 0.5349
2025-11-27 14:56:16.442588:   Class 2: 0.5236
2025-11-27 14:56:16.443349:   Class 3: 0.4911
2025-11-27 14:56:16.444108:   Class 4: 0.4483
2025-11-27 14:56:16.444867:   Class 5: 0.3622
2025-11-27 14:56:16.445625:   Class 6: 0.6231
2025-11-27 14:56:16.446383:   Class 7: 0.7650
2025-11-27 14:56:16.447144:   Class 8: 0.6093
2025-11-27 14:56:16.448959: Epoch 12/50 - Loss: 0.0318, Val IoU: 0.5924
2025-11-27 14:59:03.053576: Val IoU (mean): 0.6002
2025-11-27 14:59:03.054383: Per-class IoU:
2025-11-27 14:59:03.055139:   Class 0: 0.9749
2025-11-27 14:59:03.055895:   Class 1: 0.5289
2025-11-27 14:59:03.056655:   Class 2: 0.6259
2025-11-27 14:59:03.057538:   Class 3: 0.4794
2025-11-27 14:59:03.058296:   Class 4: 0.3981
2025-11-27 14:59:03.059057:   Class 5: 0.4066
2025-11-27 14:59:03.059816:   Class 6: 0.6167
2025-11-27 14:59:03.060577:   Class 7: 0.7300
2025-11-27 14:59:03.061424:   Class 8: 0.6413
2025-11-27 14:59:03.063231: Epoch 13/50 - Loss: 0.0304, Val IoU: 0.6002
2025-11-27 15:01:49.784265: Val IoU (mean): 0.6071
2025-11-27 15:01:49.785010: Per-class IoU:
2025-11-27 15:01:49.785558:   Class 0: 0.9752
2025-11-27 15:01:49.786094:   Class 1: 0.4786
2025-11-27 15:01:49.786793:   Class 2: 0.6100
2025-11-27 15:01:49.787553:   Class 3: 0.4876
2025-11-27 15:01:49.788312:   Class 4: 0.4844
2025-11-27 15:01:49.789205:   Class 5: 0.3512
2025-11-27 15:01:49.789967:   Class 6: 0.6571
2025-11-27 15:01:49.790725:   Class 7: 0.7821
2025-11-27 15:01:49.791486:   Class 8: 0.6372
2025-11-27 15:01:49.793267: Epoch 14/50 - Loss: 0.0265, Val IoU: 0.6071
2025-11-27 15:01:53.864042:   New best IoU: 0.6071
2025-11-27 15:04:40.191251: Val IoU (mean): 0.6114
2025-11-27 15:04:40.191956: Per-class IoU:
2025-11-27 15:04:40.192512:   Class 0: 0.9764
2025-11-27 15:04:40.193015:   Class 1: 0.4896
2025-11-27 15:04:40.193571:   Class 2: 0.6220
2025-11-27 15:04:40.194052:   Class 3: 0.5332
2025-11-27 15:04:40.194546:   Class 4: 0.4696
2025-11-27 15:04:40.195026:   Class 5: 0.3848
2025-11-27 15:04:40.195791:   Class 6: 0.6357
2025-11-27 15:04:40.196546:   Class 7: 0.7368
2025-11-27 15:04:40.197304:   Class 8: 0.6541
2025-11-27 15:04:40.199071: Epoch 15/50 - Loss: 0.0263, Val IoU: 0.6114
2025-11-27 15:04:44.253163:   New best IoU: 0.6114
2025-11-27 15:07:30.640299: Val IoU (mean): 0.6093
2025-11-27 15:07:30.641008: Per-class IoU:
2025-11-27 15:07:30.641567:   Class 0: 0.9737
2025-11-27 15:07:30.642112:   Class 1: 0.5449
2025-11-27 15:07:30.642612:   Class 2: 0.6347
2025-11-27 15:07:30.643143:   Class 3: 0.4809
2025-11-27 15:07:30.643631:   Class 4: 0.4754
2025-11-27 15:07:30.644160:   Class 5: 0.3548
2025-11-27 15:07:30.644652:   Class 6: 0.6179
2025-11-27 15:07:30.645158:   Class 7: 0.7336
2025-11-27 15:07:30.645691:   Class 8: 0.6676
2025-11-27 15:07:30.647325: Epoch 16/50 - Loss: 0.0242, Val IoU: 0.6093
2025-11-27 15:10:17.237722: Val IoU (mean): 0.6264
2025-11-27 15:10:17.238597: Per-class IoU:
2025-11-27 15:10:17.239678:   Class 0: 0.9788
2025-11-27 15:10:17.240192:   Class 1: 0.5075
2025-11-27 15:10:17.240905:   Class 2: 0.6197
2025-11-27 15:10:17.241666:   Class 3: 0.5464
2025-11-27 15:10:17.242422:   Class 4: 0.4508
2025-11-27 15:10:17.243184:   Class 5: 0.4226
2025-11-27 15:10:17.243943:   Class 6: 0.6835
2025-11-27 15:10:17.244875:   Class 7: 0.7540
2025-11-27 15:10:17.245637:   Class 8: 0.6740
2025-11-27 15:10:17.247432: Epoch 17/50 - Loss: 0.0236, Val IoU: 0.6264
2025-11-27 15:10:21.320507:   New best IoU: 0.6264
2025-11-27 15:13:07.795284: Val IoU (mean): 0.6450
2025-11-27 15:13:07.795994: Per-class IoU:
2025-11-27 15:13:07.796566:   Class 0: 0.9781
2025-11-27 15:13:07.797093:   Class 1: 0.5394
2025-11-27 15:13:07.797601:   Class 2: 0.6331
2025-11-27 15:13:07.798153:   Class 3: 0.5407
2025-11-27 15:13:07.798841:   Class 4: 0.5503
2025-11-27 15:13:07.799599:   Class 5: 0.3963
2025-11-27 15:13:07.800357:   Class 6: 0.6927
2025-11-27 15:13:07.801116:   Class 7: 0.7789
2025-11-27 15:13:07.804221:   Class 8: 0.6957
2025-11-27 15:13:07.806114: Epoch 18/50 - Loss: 0.0177, Val IoU: 0.6450
2025-11-27 15:13:11.871126:   New best IoU: 0.6450
2025-11-27 15:15:58.311164: Val IoU (mean): 0.6378
2025-11-27 15:15:58.312169: Per-class IoU:
2025-11-27 15:15:58.312834:   Class 0: 0.9790
2025-11-27 15:15:58.313437:   Class 1: 0.5595
2025-11-27 15:15:58.314270:   Class 2: 0.6289
2025-11-27 15:15:58.314946:   Class 3: 0.5163
2025-11-27 15:15:58.315627:   Class 4: 0.5171
2025-11-27 15:15:58.316195:   Class 5: 0.4114
2025-11-27 15:15:58.316765:   Class 6: 0.6905
2025-11-27 15:15:58.317367:   Class 7: 0.7430
2025-11-27 15:15:58.317998:   Class 8: 0.6949
2025-11-27 15:15:58.319682: Epoch 19/50 - Loss: 0.0159, Val IoU: 0.6378
2025-11-27 15:15:58.320589: Epoch 20: Unfroze layer3
2025-11-27 15:19:07.432924: Val IoU (mean): 0.6293
2025-11-27 15:19:07.433729: Per-class IoU:
2025-11-27 15:19:07.434488:   Class 0: 0.9786
2025-11-27 15:19:07.435247:   Class 1: 0.5538
2025-11-27 15:19:07.436005:   Class 2: 0.5453
2025-11-27 15:19:07.436759:   Class 3: 0.5413
2025-11-27 15:19:07.437520:   Class 4: 0.5102
2025-11-27 15:19:07.438279:   Class 5: 0.3860
2025-11-27 15:19:07.439037:   Class 6: 0.6940
2025-11-27 15:19:07.439796:   Class 7: 0.7845
2025-11-27 15:19:07.440559:   Class 8: 0.6697
2025-11-27 15:19:07.442205: Epoch 20/50 - Loss: 0.0235, Val IoU: 0.6293
2025-11-27 15:22:18.282617: Val IoU (mean): 0.6348
2025-11-27 15:22:18.283379: Per-class IoU:
2025-11-27 15:22:18.283954:   Class 0: 0.9773
2025-11-27 15:22:18.284498:   Class 1: 0.4822
2025-11-27 15:22:18.285059:   Class 2: 0.6190
2025-11-27 15:22:18.285786:   Class 3: 0.5326
2025-11-27 15:22:18.286390:   Class 4: 0.5356
2025-11-27 15:22:18.287254:   Class 5: 0.3848
2025-11-27 15:22:18.287847:   Class 6: 0.6828
2025-11-27 15:22:18.288353:   Class 7: 0.8081
2025-11-27 15:22:18.288973:   Class 8: 0.6909
2025-11-27 15:22:18.290638: Epoch 21/50 - Loss: 0.0195, Val IoU: 0.6348
2025-11-27 15:25:27.726291: Val IoU (mean): 0.6434
2025-11-27 15:25:27.727026: Per-class IoU:
2025-11-27 15:25:27.727562:   Class 0: 0.9777
2025-11-27 15:25:27.728117:   Class 1: 0.5635
2025-11-27 15:25:27.728595:   Class 2: 0.6591
2025-11-27 15:25:27.729205:   Class 3: 0.5591
2025-11-27 15:25:27.729850:   Class 4: 0.5024
2025-11-27 15:25:27.730379:   Class 5: 0.3923
2025-11-27 15:25:27.731081:   Class 6: 0.6916
2025-11-27 15:25:27.731657:   Class 7: 0.7548
2025-11-27 15:25:27.732370:   Class 8: 0.6902
2025-11-27 15:25:27.734106: Epoch 22/50 - Loss: 0.0207, Val IoU: 0.6434
2025-11-27 15:28:37.242475: Val IoU (mean): 0.6460
2025-11-27 15:28:37.243380: Per-class IoU:
2025-11-27 15:28:37.244111:   Class 0: 0.9785
2025-11-27 15:28:37.244797:   Class 1: 0.5897
2025-11-27 15:28:37.245516:   Class 2: 0.6436
2025-11-27 15:28:37.246245:   Class 3: 0.5564
2025-11-27 15:28:37.249192:   Class 4: 0.5281
2025-11-27 15:28:37.253620:   Class 5: 0.3838
2025-11-27 15:28:37.255344:   Class 6: 0.6823
2025-11-27 15:28:37.257864:   Class 7: 0.7855
2025-11-27 15:28:37.259022:   Class 8: 0.6662
2025-11-27 15:28:37.262577: Epoch 23/50 - Loss: 0.0174, Val IoU: 0.6460
2025-11-27 15:28:41.901872:   New best IoU: 0.6460
2025-11-27 15:31:50.666453: Val IoU (mean): 0.6606
2025-11-27 15:31:50.667485: Per-class IoU:
2025-11-27 15:31:50.668245:   Class 0: 0.9795
2025-11-27 15:31:50.668984:   Class 1: 0.5733
2025-11-27 15:31:50.669791:   Class 2: 0.6608
2025-11-27 15:31:50.670522:   Class 3: 0.5527
2025-11-27 15:31:50.671323:   Class 4: 0.5617
2025-11-27 15:31:50.672114:   Class 5: 0.3659
2025-11-27 15:31:50.672906:   Class 6: 0.7120
2025-11-27 15:31:50.673669:   Class 7: 0.8212
2025-11-27 15:31:50.674473:   Class 8: 0.7186
2025-11-27 15:31:50.676442: Epoch 24/50 - Loss: 0.0133, Val IoU: 0.6606
2025-11-27 15:31:55.292522:   New best IoU: 0.6606
2025-11-27 15:35:04.205617: Val IoU (mean): 0.6591
2025-11-27 15:35:04.206274: Per-class IoU:
2025-11-27 15:35:04.206808:   Class 0: 0.9802
2025-11-27 15:35:04.207348:   Class 1: 0.5794
2025-11-27 15:35:04.208201:   Class 2: 0.6558
2025-11-27 15:35:04.208921:   Class 3: 0.5610
2025-11-27 15:35:04.209681:   Class 4: 0.5660
2025-11-27 15:35:04.210438:   Class 5: 0.3864
2025-11-27 15:35:04.211199:   Class 6: 0.7053
2025-11-27 15:35:04.211957:   Class 7: 0.7929
2025-11-27 15:35:04.212717:   Class 8: 0.7050
2025-11-27 15:35:04.214490: Epoch 25/50 - Loss: 0.0118, Val IoU: 0.6591
2025-11-27 15:38:13.099775: Val IoU (mean): 0.6725
2025-11-27 15:38:13.100392: Per-class IoU:
2025-11-27 15:38:13.100907:   Class 0: 0.9808
2025-11-27 15:38:13.101380:   Class 1: 0.6147
2025-11-27 15:38:13.101863:   Class 2: 0.6846
2025-11-27 15:38:13.102409:   Class 3: 0.5466
2025-11-27 15:38:13.103169:   Class 4: 0.5391
2025-11-27 15:38:13.103927:   Class 5: 0.3936
2025-11-27 15:38:13.104686:   Class 6: 0.7352
2025-11-27 15:38:13.105445:   Class 7: 0.8349
2025-11-27 15:38:13.106206:   Class 8: 0.7230
2025-11-27 15:38:13.108171: Epoch 26/50 - Loss: 0.0112, Val IoU: 0.6725
2025-11-27 15:38:17.524266:   New best IoU: 0.6725
2025-11-27 15:41:26.182245: Val IoU (mean): 0.6629
2025-11-27 15:41:26.182944: Per-class IoU:
2025-11-27 15:41:26.183594:   Class 0: 0.9804
2025-11-27 15:41:26.184251:   Class 1: 0.5556
2025-11-27 15:41:26.184858:   Class 2: 0.6832
2025-11-27 15:41:26.185373:   Class 3: 0.5506
2025-11-27 15:41:26.186154:   Class 4: 0.5302
2025-11-27 15:41:26.186665:   Class 5: 0.4005
2025-11-27 15:41:26.187205:   Class 6: 0.7318
2025-11-27 15:41:26.187966:   Class 7: 0.8109
2025-11-27 15:41:26.188729:   Class 8: 0.7230
2025-11-27 15:41:26.190416: Epoch 27/50 - Loss: 0.0109, Val IoU: 0.6629
2025-11-27 15:44:35.174107: Val IoU (mean): 0.6521
2025-11-27 15:44:35.174849: Per-class IoU:
2025-11-27 15:44:35.175556:   Class 0: 0.9803
2025-11-27 15:44:35.176163:   Class 1: 0.5010
2025-11-27 15:44:35.176766:   Class 2: 0.6750
2025-11-27 15:44:35.177487:   Class 3: 0.5397
2025-11-27 15:44:35.178240:   Class 4: 0.5628
2025-11-27 15:44:35.179002:   Class 5: 0.3878
2025-11-27 15:44:35.179856:   Class 6: 0.7150
2025-11-27 15:44:35.180611:   Class 7: 0.7985
2025-11-27 15:44:35.181369:   Class 8: 0.7084
2025-11-27 15:44:35.183136: Epoch 28/50 - Loss: 0.0112, Val IoU: 0.6521
2025-11-27 15:47:43.990430: Val IoU (mean): 0.6676
2025-11-27 15:47:43.991075: Per-class IoU:
2025-11-27 15:47:43.991596:   Class 0: 0.9801
2025-11-27 15:47:43.992208:   Class 1: 0.5630
2025-11-27 15:47:43.992715:   Class 2: 0.6857
2025-11-27 15:47:43.993198:   Class 3: 0.5606
2025-11-27 15:47:43.993696:   Class 4: 0.5537
2025-11-27 15:47:43.994452:   Class 5: 0.3894
2025-11-27 15:47:43.995082:   Class 6: 0.7437
2025-11-27 15:47:43.995843:   Class 7: 0.8156
2025-11-27 15:47:43.996603:   Class 8: 0.7166
2025-11-27 15:47:43.998395: Epoch 29/50 - Loss: 0.0113, Val IoU: 0.6676
2025-11-27 15:47:43.999241: Epoch 30: Unfroze layer2
2025-11-27 15:50:58.739234: Val IoU (mean): 0.6606
2025-11-27 15:50:58.740072: Per-class IoU:
2025-11-27 15:50:58.741210:   Class 0: 0.9804
2025-11-27 15:50:58.742044:   Class 1: 0.6479
2025-11-27 15:50:58.742803:   Class 2: 0.6141
2025-11-27 15:50:58.743671:   Class 3: 0.5277
2025-11-27 15:50:58.744681:   Class 4: 0.5362
2025-11-27 15:50:58.745440:   Class 5: 0.4130
2025-11-27 15:50:58.746062:   Class 6: 0.7180
2025-11-27 15:50:58.746593:   Class 7: 0.7971
2025-11-27 15:50:58.747156:   Class 8: 0.7109
2025-11-27 15:50:58.748883: Epoch 30/50 - Loss: 0.0142, Val IoU: 0.6606
2025-11-27 15:54:15.087157: Val IoU (mean): 0.6661
2025-11-27 15:54:15.087959: Per-class IoU:
2025-11-27 15:54:15.088595:   Class 0: 0.9804
2025-11-27 15:54:15.089229:   Class 1: 0.5139
2025-11-27 15:54:15.089956:   Class 2: 0.6782
2025-11-27 15:54:15.090670:   Class 3: 0.5867
2025-11-27 15:54:15.091426:   Class 4: 0.5303
2025-11-27 15:54:15.092187:   Class 5: 0.4299
2025-11-27 15:54:15.092963:   Class 6: 0.7187
2025-11-27 15:54:15.093722:   Class 7: 0.8356
2025-11-27 15:54:15.094486:   Class 8: 0.7212
2025-11-27 15:54:15.096267: Epoch 31/50 - Loss: 0.0141, Val IoU: 0.6661
2025-11-27 15:57:29.539041: Val IoU (mean): 0.6683
2025-11-27 15:57:29.539672: Per-class IoU:
2025-11-27 15:57:29.540153:   Class 0: 0.9815
2025-11-27 15:57:29.540654:   Class 1: 0.5407
2025-11-27 15:57:29.541194:   Class 2: 0.6606
2025-11-27 15:57:29.541760:   Class 3: 0.5751
2025-11-27 15:57:29.542291:   Class 4: 0.5409
2025-11-27 15:57:29.542895:   Class 5: 0.4205
2025-11-27 15:57:29.543655:   Class 6: 0.7236
2025-11-27 15:57:29.544415:   Class 7: 0.8363
2025-11-27 15:57:29.545175:   Class 8: 0.7359
2025-11-27 15:57:29.546939: Epoch 32/50 - Loss: 0.0120, Val IoU: 0.6683
2025-11-27 16:00:44.301869: Val IoU (mean): 0.6727
2025-11-27 16:00:44.302592: Per-class IoU:
2025-11-27 16:00:44.303226:   Class 0: 0.9801
2025-11-27 16:00:44.303985:   Class 1: 0.5364
2025-11-27 16:00:44.304539:   Class 2: 0.6865
2025-11-27 16:00:44.305044:   Class 3: 0.5616
2025-11-27 16:00:44.305533:   Class 4: 0.6134
2025-11-27 16:00:44.306063:   Class 5: 0.4002
2025-11-27 16:00:44.306562:   Class 6: 0.7370
2025-11-27 16:00:44.307122:   Class 7: 0.8119
2025-11-27 16:00:44.307711:   Class 8: 0.7270
2025-11-27 16:00:44.309664: Epoch 33/50 - Loss: 0.0111, Val IoU: 0.6727
2025-11-27 16:00:49.039729:   New best IoU: 0.6727
2025-11-27 16:04:03.606292: Val IoU (mean): 0.6699
2025-11-27 16:04:03.607032: Per-class IoU:
2025-11-27 16:04:03.607692:   Class 0: 0.9808
2025-11-27 16:04:03.608444:   Class 1: 0.5732
2025-11-27 16:04:03.609234:   Class 2: 0.6833
2025-11-27 16:04:03.609994:   Class 3: 0.5612
2025-11-27 16:04:03.610755:   Class 4: 0.5325
2025-11-27 16:04:03.611513:   Class 5: 0.3938
2025-11-27 16:04:03.612272:   Class 6: 0.7314
2025-11-27 16:04:03.613030:   Class 7: 0.8479
2025-11-27 16:04:03.613790:   Class 8: 0.7252
2025-11-27 16:04:03.615582: Epoch 34/50 - Loss: 0.0112, Val IoU: 0.6699
2025-11-27 16:07:18.298318: Val IoU (mean): 0.6728
2025-11-27 16:07:18.299128: Per-class IoU:
2025-11-27 16:07:18.299861:   Class 0: 0.9813
2025-11-27 16:07:18.300570:   Class 1: 0.5755
2025-11-27 16:07:18.301588:   Class 2: 0.6739
2025-11-27 16:07:18.303284:   Class 3: 0.6104
2025-11-27 16:07:18.304138:   Class 4: 0.5553
2025-11-27 16:07:18.304932:   Class 5: 0.3890
2025-11-27 16:07:18.305722:   Class 6: 0.7306
2025-11-27 16:07:18.306864:   Class 7: 0.7952
2025-11-27 16:07:18.307625:   Class 8: 0.7438
2025-11-27 16:07:18.309688: Epoch 35/50 - Loss: 0.0096, Val IoU: 0.6728
2025-11-27 16:07:23.035904:   New best IoU: 0.6728
2025-11-27 16:10:37.362237: Val IoU (mean): 0.6837
2025-11-27 16:10:37.366326: Per-class IoU:
2025-11-27 16:10:37.368208:   Class 0: 0.9819
2025-11-27 16:10:37.370583:   Class 1: 0.5725
2025-11-27 16:10:37.371036:   Class 2: 0.6953
2025-11-27 16:10:37.371546:   Class 3: 0.5980
2025-11-27 16:10:37.372076:   Class 4: 0.5689
2025-11-27 16:10:37.372763:   Class 5: 0.4016
2025-11-27 16:10:37.373497:   Class 6: 0.7389
2025-11-27 16:10:37.374295:   Class 7: 0.8468
2025-11-27 16:10:37.375135:   Class 8: 0.7492
2025-11-27 16:10:37.377246: Epoch 36/50 - Loss: 0.0079, Val IoU: 0.6837
2025-11-27 16:10:42.100653:   New best IoU: 0.6837
2025-11-27 16:13:56.275823: Val IoU (mean): 0.6842
2025-11-27 16:13:56.276540: Per-class IoU:
2025-11-27 16:13:56.277140:   Class 0: 0.9822
2025-11-27 16:13:56.277726:   Class 1: 0.5863
2025-11-27 16:13:56.278239:   Class 2: 0.6929
2025-11-27 16:13:56.278738:   Class 3: 0.5918
2025-11-27 16:13:56.279417:   Class 4: 0.5354
2025-11-27 16:13:56.279964:   Class 5: 0.4079
2025-11-27 16:13:56.280441:   Class 6: 0.7566
2025-11-27 16:13:56.280905:   Class 7: 0.8586
2025-11-27 16:13:56.281434:   Class 8: 0.7464
2025-11-27 16:13:56.283040: Epoch 37/50 - Loss: 0.0073, Val IoU: 0.6842
2025-11-27 16:14:01.006721:   New best IoU: 0.6842
2025-11-27 16:17:15.480785: Val IoU (mean): 0.6816
2025-11-27 16:17:15.481536: Per-class IoU:
2025-11-27 16:17:15.482138:   Class 0: 0.9820
2025-11-27 16:17:15.482685:   Class 1: 0.5518
2025-11-27 16:17:15.483390:   Class 2: 0.6970
2025-11-27 16:17:15.483940:   Class 3: 0.5894
2025-11-27 16:17:15.484568:   Class 4: 0.5411
2025-11-27 16:17:15.485188:   Class 5: 0.4039
2025-11-27 16:17:15.485819:   Class 6: 0.7656
2025-11-27 16:17:15.486384:   Class 7: 0.8538
2025-11-27 16:17:15.486973:   Class 8: 0.7499
2025-11-27 16:17:15.488657: Epoch 38/50 - Loss: 0.0071, Val IoU: 0.6816
2025-11-27 16:20:30.017937: Val IoU (mean): 0.6858
2025-11-27 16:20:30.018620: Per-class IoU:
2025-11-27 16:20:30.019235:   Class 0: 0.9817
2025-11-27 16:20:30.019783:   Class 1: 0.5737
2025-11-27 16:20:30.020264:   Class 2: 0.6976
2025-11-27 16:20:30.020772:   Class 3: 0.5934
2025-11-27 16:20:30.021216:   Class 4: 0.5814
2025-11-27 16:20:30.021693:   Class 5: 0.4030
2025-11-27 16:20:30.022317:   Class 6: 0.7426
2025-11-27 16:20:30.022819:   Class 7: 0.8526
2025-11-27 16:20:30.023581:   Class 8: 0.7461
2025-11-27 16:20:30.025381: Epoch 39/50 - Loss: 0.0072, Val IoU: 0.6858
2025-11-27 16:20:34.743385:   New best IoU: 0.6858
2025-11-27 16:20:34.745105: Epoch 40: Unfroze layer1
2025-11-27 16:24:09.232554: Val IoU (mean): 0.6470
2025-11-27 16:24:09.233298: Per-class IoU:
2025-11-27 16:24:09.233877:   Class 0: 0.9791
2025-11-27 16:24:09.234467:   Class 1: 0.4829
2025-11-27 16:24:09.235037:   Class 2: 0.6641
2025-11-27 16:24:09.235538:   Class 3: 0.5751
2025-11-27 16:24:09.236004:   Class 4: 0.4951
2025-11-27 16:24:09.236528:   Class 5: 0.3993
2025-11-27 16:24:09.237018:   Class 6: 0.7205
2025-11-27 16:24:09.237528:   Class 7: 0.8112
2025-11-27 16:24:09.237994:   Class 8: 0.6955
2025-11-27 16:24:09.239630: Epoch 40/50 - Loss: 0.0156, Val IoU: 0.6470
2025-11-27 16:27:43.610311: Val IoU (mean): 0.6808
2025-11-27 16:27:43.611134: Per-class IoU:
2025-11-27 16:27:43.611892:   Class 0: 0.9823
2025-11-27 16:27:43.612648:   Class 1: 0.5745
2025-11-27 16:27:43.613405:   Class 2: 0.6800
2025-11-27 16:27:43.614164:   Class 3: 0.6171
2025-11-27 16:27:43.615051:   Class 4: 0.5543
2025-11-27 16:27:43.615815:   Class 5: 0.4177
2025-11-27 16:27:43.616574:   Class 6: 0.7494
2025-11-27 16:27:43.617337:   Class 7: 0.8068
2025-11-27 16:27:43.618110:   Class 8: 0.7449
2025-11-27 16:27:43.619920: Epoch 41/50 - Loss: 0.0101, Val IoU: 0.6808
2025-11-27 16:31:16.506312: Val IoU (mean): 0.6893
2025-11-27 16:31:16.507065: Per-class IoU:
2025-11-27 16:31:16.507847:   Class 0: 0.9831
2025-11-27 16:31:16.508620:   Class 1: 0.5796
2025-11-27 16:31:16.509333:   Class 2: 0.6967
2025-11-27 16:31:16.510141:   Class 3: 0.6044
2025-11-27 16:31:16.510900:   Class 4: 0.5575
2025-11-27 16:31:16.511665:   Class 5: 0.4345
2025-11-27 16:31:16.512424:   Class 6: 0.7674
2025-11-27 16:31:16.513062:   Class 7: 0.8240
2025-11-27 16:31:16.513828:   Class 8: 0.7571
2025-11-27 16:31:16.515581: Epoch 42/50 - Loss: 0.0073, Val IoU: 0.6893
2025-11-27 16:31:21.260359:   New best IoU: 0.6893
2025-11-27 16:34:53.660307: Val IoU (mean): 0.6824
2025-11-27 16:34:53.660937: Per-class IoU:
2025-11-27 16:34:53.661696:   Class 0: 0.9830
2025-11-27 16:34:53.662179:   Class 1: 0.5746
2025-11-27 16:34:53.662887:   Class 2: 0.6996
2025-11-27 16:34:53.663644:   Class 3: 0.5918
2025-11-27 16:34:53.664962:   Class 4: 0.5443
2025-11-27 16:34:53.665721:   Class 5: 0.4287
2025-11-27 16:34:53.667297:   Class 6: 0.7628
2025-11-27 16:34:53.668057:   Class 7: 0.8074
2025-11-27 16:34:53.668821:   Class 8: 0.7494
2025-11-27 16:34:53.670572: Epoch 43/50 - Loss: 0.0067, Val IoU: 0.6824
2025-11-27 16:38:26.658589: Val IoU (mean): 0.6866
2025-11-27 16:38:26.659348: Per-class IoU:
2025-11-27 16:38:26.660213:   Class 0: 0.9832
2025-11-27 16:38:26.660665:   Class 1: 0.5699
2025-11-27 16:38:26.661180:   Class 2: 0.6960
2025-11-27 16:38:26.661711:   Class 3: 0.6097
2025-11-27 16:38:26.662245:   Class 4: 0.5581
2025-11-27 16:38:26.662704:   Class 5: 0.4315
2025-11-27 16:38:26.663294:   Class 6: 0.7650
2025-11-27 16:38:26.663828:   Class 7: 0.8135
2025-11-27 16:38:26.664346:   Class 8: 0.7522
2025-11-27 16:38:26.666143: Epoch 44/50 - Loss: 0.0065, Val IoU: 0.6866
2025-11-27 16:41:59.396832: Val IoU (mean): 0.6849
2025-11-27 16:41:59.397654: Per-class IoU:
2025-11-27 16:41:59.398409:   Class 0: 0.9830
2025-11-27 16:41:59.399169:   Class 1: 0.5666
2025-11-27 16:41:59.399934:   Class 2: 0.6998
2025-11-27 16:41:59.400693:   Class 3: 0.5821
2025-11-27 16:41:59.401449:   Class 4: 0.5661
2025-11-27 16:41:59.402210:   Class 5: 0.4218
2025-11-27 16:41:59.402968:   Class 6: 0.7645
2025-11-27 16:41:59.403729:   Class 7: 0.8291
2025-11-27 16:41:59.404485:   Class 8: 0.7515
2025-11-27 16:41:59.406231: Epoch 45/50 - Loss: 0.0063, Val IoU: 0.6849
2025-11-27 16:45:32.188652: Val IoU (mean): 0.6838
2025-11-27 16:45:32.189322: Per-class IoU:
2025-11-27 16:45:32.189820:   Class 0: 0.9831
2025-11-27 16:45:32.190340:   Class 1: 0.5424
2025-11-27 16:45:32.190889:   Class 2: 0.7105
2025-11-27 16:45:32.191420:   Class 3: 0.5968
2025-11-27 16:45:32.191903:   Class 4: 0.5561
2025-11-27 16:45:32.192425:   Class 5: 0.4221
2025-11-27 16:45:32.193009:   Class 6: 0.7552
2025-11-27 16:45:32.193644:   Class 7: 0.8308
2025-11-27 16:45:32.194400:   Class 8: 0.7572
2025-11-27 16:45:32.196257: Epoch 46/50 - Loss: 0.0063, Val IoU: 0.6838
2025-11-27 16:49:05.170217: Val IoU (mean): 0.6921
2025-11-27 16:49:05.171086: Per-class IoU:
2025-11-27 16:49:05.171822:   Class 0: 0.9836
2025-11-27 16:49:05.172552:   Class 1: 0.5604
2025-11-27 16:49:05.173354:   Class 2: 0.7054
2025-11-27 16:49:05.174069:   Class 3: 0.6079
2025-11-27 16:49:05.174874:   Class 4: 0.5772
2025-11-27 16:49:05.175560:   Class 5: 0.4221
2025-11-27 16:49:05.176199:   Class 6: 0.7700
2025-11-27 16:49:05.176909:   Class 7: 0.8552
2025-11-27 16:49:05.177723:   Class 8: 0.7475
2025-11-27 16:49:05.179367: Epoch 47/50 - Loss: 0.0066, Val IoU: 0.6921
2025-11-27 16:49:09.921233:   New best IoU: 0.6921
2025-11-27 16:52:42.522318: Val IoU (mean): 0.6883
2025-11-27 16:52:42.522986: Per-class IoU:
2025-11-27 16:52:42.523650:   Class 0: 0.9831
2025-11-27 16:52:42.524309:   Class 1: 0.5378
2025-11-27 16:52:42.524969:   Class 2: 0.7050
2025-11-27 16:52:42.525768:   Class 3: 0.5997
2025-11-27 16:52:42.526404:   Class 4: 0.5596
2025-11-27 16:52:42.527008:   Class 5: 0.4145
2025-11-27 16:52:42.527658:   Class 6: 0.7732
2025-11-27 16:52:42.528255:   Class 7: 0.8595
2025-11-27 16:52:42.528869:   Class 8: 0.7621
2025-11-27 16:52:42.530481: Epoch 48/50 - Loss: 0.0060, Val IoU: 0.6883
2025-11-27 16:56:15.514308: Val IoU (mean): 0.6915
2025-11-27 16:56:15.515286: Per-class IoU:
2025-11-27 16:56:15.515753:   Class 0: 0.9833
2025-11-27 16:56:15.516649:   Class 1: 0.5456
2025-11-27 16:56:15.517283:   Class 2: 0.7069
2025-11-27 16:56:15.517917:   Class 3: 0.5955
2025-11-27 16:56:15.518538:   Class 4: 0.5766
2025-11-27 16:56:15.519208:   Class 5: 0.4187
2025-11-27 16:56:15.519841:   Class 6: 0.7774
2025-11-27 16:56:15.520557:   Class 7: 0.8587
2025-11-27 16:56:15.521349:   Class 8: 0.7606
2025-11-27 16:56:15.523236: Epoch 49/50 - Loss: 0.0055, Val IoU: 0.6915
2025-11-27 16:59:48.323692: Val IoU (mean): 0.6883
2025-11-27 16:59:48.324402: Per-class IoU:
2025-11-27 16:59:48.325493:   Class 0: 0.9833
2025-11-27 16:59:48.326076:   Class 1: 0.5428
2025-11-27 16:59:48.326594:   Class 2: 0.7055
2025-11-27 16:59:48.327190:   Class 3: 0.5862
2025-11-27 16:59:48.327946:   Class 4: 0.5597
2025-11-27 16:59:48.328747:   Class 5: 0.4175
2025-11-27 16:59:48.329293:   Class 6: 0.7770
2025-11-27 16:59:48.329880:   Class 7: 0.8593
2025-11-27 16:59:48.330446:   Class 8: 0.7636
2025-11-27 16:59:48.332384: Epoch 50/50 - Loss: 0.0055, Val IoU: 0.6883
2025-11-27 16:59:49.959567: 
Training completed! Best IoU: 0.6921
2025-11-27 16:59:49.973492: Metrics saved to /home/3182217/segmentation_cv/EcoEyeSpy/deeplab_training/training_results_20251127_142348/training_metrics.csv
2025-11-27 16:59:51.160747: Training plots saved to /home/3182217/segmentation_cv/EcoEyeSpy/deeplab_training/training_results_20251127_142348/plots/training_results.png
