2025-12-02 14:28:48.881317: Loaded 3000 images, 10 categories
2025-12-02 14:28:48.882177: sparse_to_dense mapping: {0: 0, 1: 1, 2: 2, 3: 3, 6: 4, 7: 5, 16: 6, 17: 7, 18: 8, 20: 9}
2025-12-02 14:28:48.882987: Config: 50 epochs, batch_size=8, lr=0.0001
2025-12-02 14:28:48.890146: Auto-tuning ASPP dilation rates...
2025-12-02 14:28:48.890952: 
Testing dilation rates: [3, 6, 12]
2025-12-02 14:31:26.889982: Val IoU (mean): 0.3959
2025-12-02 14:31:26.890719: Per-class IoU:
2025-12-02 14:31:26.891406:   Class 0: 0.9500
2025-12-02 14:31:26.892006:   Class 1: 0.3600
2025-12-02 14:31:26.892744:   Class 2: 0.3602
2025-12-02 14:31:26.893581:   Class 3: 0.4500
2025-12-02 14:31:26.894622:   Class 4: 0.3531
2025-12-02 14:31:26.895529:   Class 5: 0.0194
2025-12-02 14:31:26.896147:   Class 6: 0.2451
2025-12-02 14:31:26.896762:   Class 7: 0.3612
2025-12-02 14:31:26.897385:   Class 8: 0.5540
2025-12-02 14:31:26.897974:   Class 9: 0.3061
2025-12-02 14:31:26.899947:   Validation IoU: 0.3959
2025-12-02 14:31:26.920355: 
Testing dilation rates: [6, 12, 18]
2025-12-02 14:33:47.058235: Val IoU (mean): 0.4243
2025-12-02 14:33:47.058912: Per-class IoU:
2025-12-02 14:33:47.059747:   Class 0: 0.9589
2025-12-02 14:33:47.060322:   Class 1: 0.4905
2025-12-02 14:33:47.060838:   Class 2: 0.4428
2025-12-02 14:33:47.061369:   Class 3: 0.3926
2025-12-02 14:33:47.061875:   Class 4: 0.3482
2025-12-02 14:33:47.062413:   Class 5: 0.1125
2025-12-02 14:33:47.062926:   Class 6: 0.3444
2025-12-02 14:33:47.063445:   Class 7: 0.4155
2025-12-02 14:33:47.063955:   Class 8: 0.5485
2025-12-02 14:33:47.064523:   Class 9: 0.1892
2025-12-02 14:33:47.066395:   Validation IoU: 0.4243
2025-12-02 14:33:47.086885: 
Testing dilation rates: [2, 4, 8]
2025-12-02 14:36:10.570134: Val IoU (mean): 0.3892
2025-12-02 14:36:10.571106: Per-class IoU:
2025-12-02 14:36:10.571841:   Class 0: 0.9515
2025-12-02 14:36:10.572776:   Class 1: 0.3895
2025-12-02 14:36:10.589179:   Class 2: 0.3517
2025-12-02 14:36:10.589883:   Class 3: 0.3816
2025-12-02 14:36:10.591048:   Class 4: 0.3329
2025-12-02 14:36:10.591811:   Class 5: 0.0012
2025-12-02 14:36:10.592574:   Class 6: 0.3324
2025-12-02 14:36:10.593473:   Class 7: 0.3525
2025-12-02 14:36:10.594255:   Class 8: 0.5373
2025-12-02 14:36:10.595008:   Class 9: 0.2613
2025-12-02 14:36:10.597044:   Validation IoU: 0.3892
2025-12-02 14:36:10.617446: 
Testing dilation rates: [4, 8, 16]
2025-12-02 14:39:17.013369: Val IoU (mean): 0.3810
2025-12-02 14:39:17.014087: Per-class IoU:
2025-12-02 14:39:17.014674:   Class 0: 0.9553
2025-12-02 14:39:17.015228:   Class 1: 0.3875
2025-12-02 14:39:17.015792:   Class 2: 0.3064
2025-12-02 14:39:17.016360:   Class 3: 0.3676
2025-12-02 14:39:17.016913:   Class 4: 0.3522
2025-12-02 14:39:17.017479:   Class 5: 0.0000
2025-12-02 14:39:17.018105:   Class 6: 0.3030
2025-12-02 14:39:17.018733:   Class 7: 0.3968
2025-12-02 14:39:17.019341:   Class 8: 0.5122
2025-12-02 14:39:17.019873:   Class 9: 0.2294
2025-12-02 14:39:17.021737:   Validation IoU: 0.3810
2025-12-02 14:39:17.042174: 
Best dilation config: [6, 12, 18] (IoU: 0.4243)
2025-12-02 14:39:17.046952: Stratified split: Train=4800 (original+augmented), Val=300, Test=300
2025-12-02 14:39:17.626090: Starting training...
2025-12-02 14:41:12.015723: Val IoU (mean): 0.3564
2025-12-02 14:41:12.016412: Per-class IoU:
2025-12-02 14:41:12.017026:   Class 0: 0.9550
2025-12-02 14:41:12.017794:   Class 1: 0.4070
2025-12-02 14:41:12.018538:   Class 2: 0.3366
2025-12-02 14:41:12.019301:   Class 3: 0.2839
2025-12-02 14:41:12.020352:   Class 4: 0.3115
2025-12-02 14:41:12.021115:   Class 5: 0.0000
2025-12-02 14:41:12.022041:   Class 6: 0.2494
2025-12-02 14:41:12.038452:   Class 7: 0.3678
2025-12-02 14:41:12.039302:   Class 8: 0.4574
2025-12-02 14:41:12.040068:   Class 9: 0.1954
2025-12-02 14:41:12.042670: Epoch 1/50 - Loss: 0.4836, Val IoU: 0.3564
2025-12-02 14:41:15.010167:   New best IoU: 0.3564
2025-12-02 14:42:54.708844: Val IoU (mean): 0.4665
2025-12-02 14:42:54.709681: Per-class IoU:
2025-12-02 14:42:54.710432:   Class 0: 0.9600
2025-12-02 14:42:54.711189:   Class 1: 0.5739
2025-12-02 14:42:54.711949:   Class 2: 0.4343
2025-12-02 14:42:54.712706:   Class 3: 0.3703
2025-12-02 14:42:54.713474:   Class 4: 0.4025
2025-12-02 14:42:54.714224:   Class 5: 0.1795
2025-12-02 14:42:54.714984:   Class 6: 0.3563
2025-12-02 14:42:54.715744:   Class 7: 0.4433
2025-12-02 14:42:54.716507:   Class 8: 0.5950
2025-12-02 14:42:54.717263:   Class 9: 0.3503
2025-12-02 14:42:54.719286: Epoch 2/50 - Loss: 0.1619, Val IoU: 0.4665
2025-12-02 14:42:57.645783:   New best IoU: 0.4665
2025-12-02 14:44:44.489766: Val IoU (mean): 0.5020
2025-12-02 14:44:44.490515: Per-class IoU:
2025-12-02 14:44:44.491194:   Class 0: 0.9630
2025-12-02 14:44:44.491881:   Class 1: 0.5716
2025-12-02 14:44:44.492442:   Class 2: 0.4232
2025-12-02 14:44:44.493011:   Class 3: 0.4638
2025-12-02 14:44:44.493578:   Class 4: 0.3357
2025-12-02 14:44:44.494152:   Class 5: 0.3273
2025-12-02 14:44:44.495335:   Class 6: 0.3929
2025-12-02 14:44:44.496403:   Class 7: 0.4793
2025-12-02 14:44:44.497038:   Class 8: 0.5835
2025-12-02 14:44:44.497711:   Class 9: 0.4796
2025-12-02 14:44:44.499635: Epoch 3/50 - Loss: 0.1120, Val IoU: 0.5020
2025-12-02 14:44:47.458853:   New best IoU: 0.5020
2025-12-02 14:46:31.731979: Val IoU (mean): 0.5018
2025-12-02 14:46:31.732909: Per-class IoU:
2025-12-02 14:46:31.733575:   Class 0: 0.9571
2025-12-02 14:46:31.734240:   Class 1: 0.3696
2025-12-02 14:46:31.734924:   Class 2: 0.4868
2025-12-02 14:46:31.735582:   Class 3: 0.4447
2025-12-02 14:46:31.736225:   Class 4: 0.4644
2025-12-02 14:46:31.736897:   Class 5: 0.3734
2025-12-02 14:46:31.737523:   Class 6: 0.3198
2025-12-02 14:46:31.738183:   Class 7: 0.5018
2025-12-02 14:46:31.738896:   Class 8: 0.5612
2025-12-02 14:46:31.739529:   Class 9: 0.5394
2025-12-02 14:46:31.741471: Epoch 4/50 - Loss: 0.0895, Val IoU: 0.5018
2025-12-02 14:48:21.134968: Val IoU (mean): 0.5343
2025-12-02 14:48:21.135912: Per-class IoU:
2025-12-02 14:48:21.136681:   Class 0: 0.9610
2025-12-02 14:48:21.137451:   Class 1: 0.4692
2025-12-02 14:48:21.138255:   Class 2: 0.5180
2025-12-02 14:48:21.139330:   Class 3: 0.5114
2025-12-02 14:48:21.140089:   Class 4: 0.4318
2025-12-02 14:48:21.140852:   Class 5: 0.3692
2025-12-02 14:48:21.141712:   Class 6: 0.3470
2025-12-02 14:48:21.142476:   Class 7: 0.5498
2025-12-02 14:48:21.143544:   Class 8: 0.6206
2025-12-02 14:48:21.144296:   Class 9: 0.5650
2025-12-02 14:48:21.146816: Epoch 5/50 - Loss: 0.0767, Val IoU: 0.5343
2025-12-02 14:48:24.093431:   New best IoU: 0.5343
2025-12-02 14:50:05.003658: Val IoU (mean): 0.5301
2025-12-02 14:50:05.004422: Per-class IoU:
2025-12-02 14:50:05.005121:   Class 0: 0.9666
2025-12-02 14:50:05.005731:   Class 1: 0.5274
2025-12-02 14:50:05.006346:   Class 2: 0.4709
2025-12-02 14:50:05.006929:   Class 3: 0.4713
2025-12-02 14:50:05.008025:   Class 4: 0.4886
2025-12-02 14:50:05.008758:   Class 5: 0.3781
2025-12-02 14:50:05.009416:   Class 6: 0.3436
2025-12-02 14:50:05.009997:   Class 7: 0.5191
2025-12-02 14:50:05.010510:   Class 8: 0.5953
2025-12-02 14:50:05.011029:   Class 9: 0.5403
2025-12-02 14:50:05.013131: Epoch 6/50 - Loss: 0.0679, Val IoU: 0.5301
2025-12-02 14:52:02.235911: Val IoU (mean): 0.5520
2025-12-02 14:52:02.236879: Per-class IoU:
2025-12-02 14:52:02.237485:   Class 0: 0.9676
2025-12-02 14:52:02.237959:   Class 1: 0.5966
2025-12-02 14:52:02.238416:   Class 2: 0.5014
2025-12-02 14:52:02.238908:   Class 3: 0.5305
2025-12-02 14:52:02.239444:   Class 4: 0.4668
2025-12-02 14:52:02.239993:   Class 5: 0.4068
2025-12-02 14:52:02.240484:   Class 6: 0.3497
2025-12-02 14:52:02.241060:   Class 7: 0.5381
2025-12-02 14:52:02.241553:   Class 8: 0.6159
2025-12-02 14:52:02.242093:   Class 9: 0.5471
2025-12-02 14:52:02.244416: Epoch 7/50 - Loss: 0.0637, Val IoU: 0.5520
2025-12-02 14:52:05.226181:   New best IoU: 0.5520
2025-12-02 14:53:44.769130: Val IoU (mean): 0.5585
2025-12-02 14:53:44.770068: Per-class IoU:
2025-12-02 14:53:44.770776:   Class 0: 0.9689
2025-12-02 14:53:44.771404:   Class 1: 0.4717
2025-12-02 14:53:44.772064:   Class 2: 0.5129
2025-12-02 14:53:44.772821:   Class 3: 0.5393
2025-12-02 14:53:44.773584:   Class 4: 0.4585
2025-12-02 14:53:44.774399:   Class 5: 0.4470
2025-12-02 14:53:44.775159:   Class 6: 0.3549
2025-12-02 14:53:44.775913:   Class 7: 0.5876
2025-12-02 14:53:44.776680:   Class 8: 0.6533
2025-12-02 14:53:44.777477:   Class 9: 0.5908
2025-12-02 14:53:44.779805: Epoch 8/50 - Loss: 0.0576, Val IoU: 0.5585
2025-12-02 14:53:47.772770:   New best IoU: 0.5585
2025-12-02 14:55:26.707304: Val IoU (mean): 0.5653
2025-12-02 14:55:26.708135: Per-class IoU:
2025-12-02 14:55:26.708719:   Class 0: 0.9704
2025-12-02 14:55:26.709361:   Class 1: 0.5636
2025-12-02 14:55:26.710029:   Class 2: 0.5074
2025-12-02 14:55:26.710563:   Class 3: 0.5495
2025-12-02 14:55:26.711115:   Class 4: 0.5050
2025-12-02 14:55:26.711610:   Class 5: 0.3792
2025-12-02 14:55:26.712094:   Class 6: 0.3961
2025-12-02 14:55:26.712640:   Class 7: 0.5248
2025-12-02 14:55:26.713429:   Class 8: 0.6844
2025-12-02 14:55:26.714156:   Class 9: 0.5722
2025-12-02 14:55:26.716701: Epoch 9/50 - Loss: 0.0542, Val IoU: 0.5653
2025-12-02 14:55:29.696963:   New best IoU: 0.5653
2025-12-02 14:55:29.698095: Epoch 10: Unfroze layer4
2025-12-02 14:58:30.087835: Val IoU (mean): 0.5866
2025-12-02 14:58:30.088666: Per-class IoU:
2025-12-02 14:58:30.089421:   Class 0: 0.9716
2025-12-02 14:58:30.090212:   Class 1: 0.5213
2025-12-02 14:58:30.090972:   Class 2: 0.5450
2025-12-02 14:58:30.091730:   Class 3: 0.5694
2025-12-02 14:58:30.092498:   Class 4: 0.5257
2025-12-02 14:58:30.093291:   Class 5: 0.4555
2025-12-02 14:58:30.094051:   Class 6: 0.4036
2025-12-02 14:58:30.094815:   Class 7: 0.5980
2025-12-02 14:58:30.095581:   Class 8: 0.6669
2025-12-02 14:58:30.096337:   Class 9: 0.6087
2025-12-02 14:58:30.098540: Epoch 10/50 - Loss: 0.0542, Val IoU: 0.5866
2025-12-02 14:58:34.210657:   New best IoU: 0.5866
2025-12-02 15:01:34.188520: Val IoU (mean): 0.6043
2025-12-02 15:01:34.191913: Per-class IoU:
2025-12-02 15:01:34.192828:   Class 0: 0.9723
2025-12-02 15:01:34.194565:   Class 1: 0.6771
2025-12-02 15:01:34.195369:   Class 2: 0.6386
2025-12-02 15:01:34.196414:   Class 3: 0.5455
2025-12-02 15:01:34.197201:   Class 4: 0.5184
2025-12-02 15:01:34.198076:   Class 5: 0.4586
2025-12-02 15:01:34.198874:   Class 6: 0.4105
2025-12-02 15:01:34.199754:   Class 7: 0.5627
2025-12-02 15:01:34.200533:   Class 8: 0.6420
2025-12-02 15:01:34.201326:   Class 9: 0.6177
2025-12-02 15:01:34.203628: Epoch 11/50 - Loss: 0.0444, Val IoU: 0.6043
2025-12-02 15:01:38.340217:   New best IoU: 0.6043
2025-12-02 15:04:36.449978: Val IoU (mean): 0.6046
2025-12-02 15:04:36.451206: Per-class IoU:
2025-12-02 15:04:36.451987:   Class 0: 0.9737
2025-12-02 15:04:36.452738:   Class 1: 0.6234
2025-12-02 15:04:36.453505:   Class 2: 0.6085
2025-12-02 15:04:36.454252:   Class 3: 0.5657
2025-12-02 15:04:36.455016:   Class 4: 0.4865
2025-12-02 15:04:36.455774:   Class 5: 0.4598
2025-12-02 15:04:36.456532:   Class 6: 0.4041
2025-12-02 15:04:36.457302:   Class 7: 0.6407
2025-12-02 15:04:36.458068:   Class 8: 0.6750
2025-12-02 15:04:36.458929:   Class 9: 0.6081
2025-12-02 15:04:36.461404: Epoch 12/50 - Loss: 0.0417, Val IoU: 0.6046
2025-12-02 15:04:40.564554:   New best IoU: 0.6046
2025-12-02 15:07:38.849669: Val IoU (mean): 0.6146
2025-12-02 15:07:38.850404: Per-class IoU:
2025-12-02 15:07:38.851027:   Class 0: 0.9746
2025-12-02 15:07:38.851599:   Class 1: 0.6276
2025-12-02 15:07:38.852253:   Class 2: 0.6097
2025-12-02 15:07:38.852979:   Class 3: 0.5939
2025-12-02 15:07:38.853769:   Class 4: 0.4876
2025-12-02 15:07:38.854528:   Class 5: 0.4596
2025-12-02 15:07:38.855286:   Class 6: 0.4383
2025-12-02 15:07:38.856054:   Class 7: 0.6092
2025-12-02 15:07:38.856818:   Class 8: 0.6999
2025-12-02 15:07:38.857574:   Class 9: 0.6458
2025-12-02 15:07:38.860057: Epoch 13/50 - Loss: 0.0374, Val IoU: 0.6146
2025-12-02 15:07:42.989073:   New best IoU: 0.6146
2025-12-02 15:10:52.184819: Val IoU (mean): 0.6182
2025-12-02 15:10:52.185647: Per-class IoU:
2025-12-02 15:10:52.186270:   Class 0: 0.9768
2025-12-02 15:10:52.186936:   Class 1: 0.6645
2025-12-02 15:10:52.187576:   Class 2: 0.6003
2025-12-02 15:10:52.188157:   Class 3: 0.5533
2025-12-02 15:10:52.189103:   Class 4: 0.5363
2025-12-02 15:10:52.189896:   Class 5: 0.4694
2025-12-02 15:10:52.190654:   Class 6: 0.4396
2025-12-02 15:10:52.191411:   Class 7: 0.6572
2025-12-02 15:10:52.192174:   Class 8: 0.6742
2025-12-02 15:10:52.192933:   Class 9: 0.6104
2025-12-02 15:10:52.195114: Epoch 14/50 - Loss: 0.0353, Val IoU: 0.6182
2025-12-02 15:10:56.407503:   New best IoU: 0.6182
2025-12-02 15:13:54.584069: Val IoU (mean): 0.6138
2025-12-02 15:13:54.584880: Per-class IoU:
2025-12-02 15:13:54.585642:   Class 0: 0.9760
2025-12-02 15:13:54.586260:   Class 1: 0.6228
2025-12-02 15:13:54.586890:   Class 2: 0.5940
2025-12-02 15:13:54.587497:   Class 3: 0.6029
2025-12-02 15:13:54.588312:   Class 4: 0.5561
2025-12-02 15:13:54.589085:   Class 5: 0.4659
2025-12-02 15:13:54.589843:   Class 6: 0.3774
2025-12-02 15:13:54.590604:   Class 7: 0.6119
2025-12-02 15:13:54.591363:   Class 8: 0.6827
2025-12-02 15:13:54.592127:   Class 9: 0.6479
2025-12-02 15:13:54.594363: Epoch 15/50 - Loss: 0.0327, Val IoU: 0.6138
2025-12-02 15:16:53.169823: Val IoU (mean): 0.6375
2025-12-02 15:16:53.170606: Per-class IoU:
2025-12-02 15:16:53.171469:   Class 0: 0.9765
2025-12-02 15:16:53.172618:   Class 1: 0.6489
2025-12-02 15:16:53.173201:   Class 2: 0.6118
2025-12-02 15:16:53.173781:   Class 3: 0.5927
2025-12-02 15:16:53.177660:   Class 4: 0.5576
2025-12-02 15:16:53.178432:   Class 5: 0.5039
2025-12-02 15:16:53.179230:   Class 6: 0.4491
2025-12-02 15:16:53.179991:   Class 7: 0.6492
2025-12-02 15:16:53.180751:   Class 8: 0.7598
2025-12-02 15:16:53.183260:   Class 9: 0.6252
2025-12-02 15:16:53.187514: Epoch 16/50 - Loss: 0.0305, Val IoU: 0.6375
2025-12-02 15:16:57.416968:   New best IoU: 0.6375
2025-12-02 15:19:56.861034: Val IoU (mean): 0.6450
2025-12-02 15:19:56.861853: Per-class IoU:
2025-12-02 15:19:56.862553:   Class 0: 0.9791
2025-12-02 15:19:56.863161:   Class 1: 0.6717
2025-12-02 15:19:56.863902:   Class 2: 0.5608
2025-12-02 15:19:56.864687:   Class 3: 0.6165
2025-12-02 15:19:56.865449:   Class 4: 0.5591
2025-12-02 15:19:56.866206:   Class 5: 0.5256
2025-12-02 15:19:56.868068:   Class 6: 0.4247
2025-12-02 15:19:56.868829:   Class 7: 0.6704
2025-12-02 15:19:56.869589:   Class 8: 0.7939
2025-12-02 15:19:56.870359:   Class 9: 0.6480
2025-12-02 15:19:56.872441: Epoch 17/50 - Loss: 0.0296, Val IoU: 0.6450
2025-12-02 15:20:01.063072:   New best IoU: 0.6450
2025-12-02 15:23:02.898301: Val IoU (mean): 0.6304
2025-12-02 15:23:02.899062: Per-class IoU:
2025-12-02 15:23:02.899728:   Class 0: 0.9781
2025-12-02 15:23:02.900334:   Class 1: 0.6769
2025-12-02 15:23:02.900922:   Class 2: 0.4982
2025-12-02 15:23:02.901542:   Class 3: 0.6121
2025-12-02 15:23:02.902159:   Class 4: 0.5454
2025-12-02 15:23:02.902820:   Class 5: 0.4934
2025-12-02 15:23:02.903417:   Class 6: 0.4151
2025-12-02 15:23:02.904166:   Class 7: 0.6648
2025-12-02 15:23:02.904772:   Class 8: 0.7314
2025-12-02 15:23:02.905357:   Class 9: 0.6883
2025-12-02 15:23:02.907732: Epoch 18/50 - Loss: 0.0261, Val IoU: 0.6304
2025-12-02 15:26:01.725972: Val IoU (mean): 0.6376
2025-12-02 15:26:01.726776: Per-class IoU:
2025-12-02 15:26:01.727534:   Class 0: 0.9788
2025-12-02 15:26:01.728291:   Class 1: 0.6669
2025-12-02 15:26:01.729387:   Class 2: 0.5540
2025-12-02 15:26:01.730145:   Class 3: 0.6062
2025-12-02 15:26:01.730904:   Class 4: 0.5349
2025-12-02 15:26:01.731666:   Class 5: 0.4687
2025-12-02 15:26:01.732421:   Class 6: 0.4537
2025-12-02 15:26:01.733184:   Class 7: 0.6628
2025-12-02 15:26:01.733941:   Class 8: 0.7692
2025-12-02 15:26:01.734823:   Class 9: 0.6812
2025-12-02 15:26:01.737225: Epoch 19/50 - Loss: 0.0264, Val IoU: 0.6376
2025-12-02 15:26:01.738075: Epoch 20: Unfroze layer3
2025-12-02 15:29:23.106842: Val IoU (mean): 0.6407
2025-12-02 15:29:23.107544: Per-class IoU:
2025-12-02 15:29:23.108093:   Class 0: 0.9776
2025-12-02 15:29:23.108621:   Class 1: 0.6549
2025-12-02 15:29:23.109338:   Class 2: 0.5634
2025-12-02 15:29:23.110092:   Class 3: 0.6133
2025-12-02 15:29:23.110874:   Class 4: 0.5498
2025-12-02 15:29:23.111637:   Class 5: 0.4810
2025-12-02 15:29:23.112393:   Class 6: 0.4542
2025-12-02 15:29:23.113156:   Class 7: 0.6618
2025-12-02 15:29:23.113930:   Class 8: 0.7753
2025-12-02 15:29:23.114689:   Class 9: 0.6753
2025-12-02 15:29:23.116898: Epoch 20/50 - Loss: 0.0328, Val IoU: 0.6407
2025-12-02 15:32:45.721691: Val IoU (mean): 0.6366
2025-12-02 15:32:45.722435: Per-class IoU:
2025-12-02 15:32:45.723253:   Class 0: 0.9788
2025-12-02 15:32:45.724012:   Class 1: 0.5968
2025-12-02 15:32:45.724825:   Class 2: 0.5456
2025-12-02 15:32:45.725579:   Class 3: 0.6215
2025-12-02 15:32:45.726482:   Class 4: 0.5605
2025-12-02 15:32:45.727236:   Class 5: 0.4866
2025-12-02 15:32:45.727993:   Class 6: 0.4335
2025-12-02 15:32:45.729184:   Class 7: 0.6646
2025-12-02 15:32:45.729947:   Class 8: 0.7929
2025-12-02 15:32:45.730706:   Class 9: 0.6854
2025-12-02 15:32:45.733053: Epoch 21/50 - Loss: 0.0261, Val IoU: 0.6366
2025-12-02 15:36:06.611645: Val IoU (mean): 0.6494
2025-12-02 15:36:06.612363: Per-class IoU:
2025-12-02 15:36:06.613142:   Class 0: 0.9801
2025-12-02 15:36:06.613761:   Class 1: 0.6983
2025-12-02 15:36:06.614392:   Class 2: 0.5827
2025-12-02 15:36:06.614971:   Class 3: 0.6352
2025-12-02 15:36:06.615561:   Class 4: 0.5653
2025-12-02 15:36:06.616131:   Class 5: 0.4794
2025-12-02 15:36:06.616679:   Class 6: 0.4460
2025-12-02 15:36:06.617257:   Class 7: 0.6887
2025-12-02 15:36:06.617808:   Class 8: 0.7570
2025-12-02 15:36:06.618520:   Class 9: 0.6610
2025-12-02 15:36:06.620613: Epoch 22/50 - Loss: 0.0221, Val IoU: 0.6494
2025-12-02 15:36:11.443938:   New best IoU: 0.6494
2025-12-02 15:39:32.188345: Val IoU (mean): 0.6523
2025-12-02 15:39:32.189451: Per-class IoU:
2025-12-02 15:39:32.190873:   Class 0: 0.9803
2025-12-02 15:39:32.191628:   Class 1: 0.6896
2025-12-02 15:39:32.192384:   Class 2: 0.5360
2025-12-02 15:39:32.193144:   Class 3: 0.6472
2025-12-02 15:39:32.193903:   Class 4: 0.5724
2025-12-02 15:39:32.194662:   Class 5: 0.5052
2025-12-02 15:39:32.195422:   Class 6: 0.4448
2025-12-02 15:39:32.196182:   Class 7: 0.6805
2025-12-02 15:39:32.196948:   Class 8: 0.7769
2025-12-02 15:39:32.197698:   Class 9: 0.6902
2025-12-02 15:39:32.199889: Epoch 23/50 - Loss: 0.0195, Val IoU: 0.6523
2025-12-02 15:39:36.895456:   New best IoU: 0.6523
2025-12-02 15:42:58.272672: Val IoU (mean): 0.6696
2025-12-02 15:42:58.273506: Per-class IoU:
2025-12-02 15:42:58.274203:   Class 0: 0.9815
2025-12-02 15:42:58.274852:   Class 1: 0.6604
2025-12-02 15:42:58.275427:   Class 2: 0.6627
2025-12-02 15:42:58.276114:   Class 3: 0.6324
2025-12-02 15:42:58.276707:   Class 4: 0.5833
2025-12-02 15:42:58.277288:   Class 5: 0.5358
2025-12-02 15:42:58.277824:   Class 6: 0.4632
2025-12-02 15:42:58.278395:   Class 7: 0.7080
2025-12-02 15:42:58.278938:   Class 8: 0.7775
2025-12-02 15:42:58.279488:   Class 9: 0.6914
2025-12-02 15:42:58.281620: Epoch 24/50 - Loss: 0.0203, Val IoU: 0.6696
2025-12-02 15:43:02.996420:   New best IoU: 0.6696
2025-12-02 15:46:23.935530: Val IoU (mean): 0.6658
2025-12-02 15:46:23.936295: Per-class IoU:
2025-12-02 15:46:23.936925:   Class 0: 0.9818
2025-12-02 15:46:23.937539:   Class 1: 0.6626
2025-12-02 15:46:23.938134:   Class 2: 0.6122
2025-12-02 15:46:23.938742:   Class 3: 0.6481
2025-12-02 15:46:23.939313:   Class 4: 0.5802
2025-12-02 15:46:23.939940:   Class 5: 0.5334
2025-12-02 15:46:23.940589:   Class 6: 0.4566
2025-12-02 15:46:23.941201:   Class 7: 0.6753
2025-12-02 15:46:23.941842:   Class 8: 0.7878
2025-12-02 15:46:23.942479:   Class 9: 0.7199
2025-12-02 15:46:23.944867: Epoch 25/50 - Loss: 0.0186, Val IoU: 0.6658
2025-12-02 15:49:44.883228: Val IoU (mean): 0.6803
2025-12-02 15:49:44.884031: Per-class IoU:
2025-12-02 15:49:44.884786:   Class 0: 0.9828
2025-12-02 15:49:44.885546:   Class 1: 0.6738
2025-12-02 15:49:44.886302:   Class 2: 0.6079
2025-12-02 15:49:44.887061:   Class 3: 0.6752
2025-12-02 15:49:44.887822:   Class 4: 0.5801
2025-12-02 15:49:44.888680:   Class 5: 0.5404
2025-12-02 15:49:44.889440:   Class 6: 0.4694
2025-12-02 15:49:44.890198:   Class 7: 0.7290
2025-12-02 15:49:44.890959:   Class 8: 0.8145
2025-12-02 15:49:44.891719:   Class 9: 0.7297
2025-12-02 15:49:44.893924: Epoch 26/50 - Loss: 0.0152, Val IoU: 0.6803
2025-12-02 15:49:49.681891:   New best IoU: 0.6803
2025-12-02 15:53:10.372944: Val IoU (mean): 0.6775
2025-12-02 15:53:10.373841: Per-class IoU:
2025-12-02 15:53:10.374602:   Class 0: 0.9832
2025-12-02 15:53:10.375357:   Class 1: 0.6783
2025-12-02 15:53:10.376114:   Class 2: 0.5928
2025-12-02 15:53:10.376877:   Class 3: 0.6807
2025-12-02 15:53:10.377636:   Class 4: 0.5657
2025-12-02 15:53:10.378393:   Class 5: 0.5343
2025-12-02 15:53:10.379152:   Class 6: 0.4522
2025-12-02 15:53:10.379911:   Class 7: 0.7291
2025-12-02 15:53:10.380684:   Class 8: 0.8296
2025-12-02 15:53:10.381443:   Class 9: 0.7293
2025-12-02 15:53:10.383674: Epoch 27/50 - Loss: 0.0136, Val IoU: 0.6775
2025-12-02 15:56:30.799474: Val IoU (mean): 0.6819
2025-12-02 15:56:30.800306: Per-class IoU:
2025-12-02 15:56:30.800950:   Class 0: 0.9830
2025-12-02 15:56:30.802058:   Class 1: 0.6869
2025-12-02 15:56:30.802803:   Class 2: 0.6279
2025-12-02 15:56:30.803569:   Class 3: 0.6653
2025-12-02 15:56:30.804320:   Class 4: 0.5595
2025-12-02 15:56:30.805127:   Class 5: 0.5481
2025-12-02 15:56:30.805887:   Class 6: 0.4734
2025-12-02 15:56:30.806646:   Class 7: 0.7270
2025-12-02 15:56:30.807403:   Class 8: 0.8320
2025-12-02 15:56:30.808163:   Class 9: 0.7159
2025-12-02 15:56:30.810550: Epoch 28/50 - Loss: 0.0132, Val IoU: 0.6819
2025-12-02 15:56:35.521010:   New best IoU: 0.6819
2025-12-02 15:59:56.088527: Val IoU (mean): 0.6798
2025-12-02 15:59:56.089269: Per-class IoU:
2025-12-02 15:59:56.090044:   Class 0: 0.9832
2025-12-02 15:59:56.090599:   Class 1: 0.6884
2025-12-02 15:59:56.091195:   Class 2: 0.5961
2025-12-02 15:59:56.091813:   Class 3: 0.6742
2025-12-02 15:59:56.092633:   Class 4: 0.5613
2025-12-02 15:59:56.093283:   Class 5: 0.5427
2025-12-02 15:59:56.093856:   Class 6: 0.4729
2025-12-02 15:59:56.094430:   Class 7: 0.7180
2025-12-02 15:59:56.094972:   Class 8: 0.8322
2025-12-02 15:59:56.095501:   Class 9: 0.7289
2025-12-02 15:59:56.097552: Epoch 29/50 - Loss: 0.0131, Val IoU: 0.6798
2025-12-02 15:59:56.098412: Epoch 30: Unfroze layer2
2025-12-02 16:03:25.825359: Val IoU (mean): 0.6622
2025-12-02 16:03:25.826129: Per-class IoU:
2025-12-02 16:03:25.826818:   Class 0: 0.9811
2025-12-02 16:03:25.827418:   Class 1: 0.6670
2025-12-02 16:03:25.828024:   Class 2: 0.6109
2025-12-02 16:03:25.828634:   Class 3: 0.7295
2025-12-02 16:03:25.829263:   Class 4: 0.5691
2025-12-02 16:03:25.829841:   Class 5: 0.4805
2025-12-02 16:03:25.830421:   Class 6: 0.4762
2025-12-02 16:03:25.831001:   Class 7: 0.6887
2025-12-02 16:03:25.831631:   Class 8: 0.7677
2025-12-02 16:03:25.832238:   Class 9: 0.6512
2025-12-02 16:03:25.834417: Epoch 30/50 - Loss: 0.0243, Val IoU: 0.6622
2025-12-02 16:06:53.851302: Val IoU (mean): 0.6652
2025-12-02 16:06:53.852068: Per-class IoU:
2025-12-02 16:06:53.852686:   Class 0: 0.9821
2025-12-02 16:06:53.853301:   Class 1: 0.6603
2025-12-02 16:06:53.853896:   Class 2: 0.5651
2025-12-02 16:06:53.854443:   Class 3: 0.6768
2025-12-02 16:06:53.855139:   Class 4: 0.5862
2025-12-02 16:06:53.855757:   Class 5: 0.5137
2025-12-02 16:06:53.856314:   Class 6: 0.4113
2025-12-02 16:06:53.856832:   Class 7: 0.6986
2025-12-02 16:06:53.857420:   Class 8: 0.8365
2025-12-02 16:06:53.858454:   Class 9: 0.7217
2025-12-02 16:06:53.860378: Epoch 31/50 - Loss: 0.0178, Val IoU: 0.6652
2025-12-02 16:10:20.490925: Val IoU (mean): 0.6641
2025-12-02 16:10:20.491701: Per-class IoU:
2025-12-02 16:10:20.492310:   Class 0: 0.9830
2025-12-02 16:10:20.492941:   Class 1: 0.6514
2025-12-02 16:10:20.493800:   Class 2: 0.5940
2025-12-02 16:10:20.494436:   Class 3: 0.6755
2025-12-02 16:10:20.495235:   Class 4: 0.5724
2025-12-02 16:10:20.496023:   Class 5: 0.4928
2025-12-02 16:10:20.496823:   Class 6: 0.4022
2025-12-02 16:10:20.497575:   Class 7: 0.7245
2025-12-02 16:10:20.498455:   Class 8: 0.8155
2025-12-02 16:10:20.499206:   Class 9: 0.7295
2025-12-02 16:10:20.501509: Epoch 32/50 - Loss: 0.0155, Val IoU: 0.6641
2025-12-02 16:13:47.472467: Val IoU (mean): 0.6661
2025-12-02 16:13:47.473283: Per-class IoU:
2025-12-02 16:13:47.474005:   Class 0: 0.9822
2025-12-02 16:13:47.474659:   Class 1: 0.6471
2025-12-02 16:13:47.475241:   Class 2: 0.6610
2025-12-02 16:13:47.475875:   Class 3: 0.6801
2025-12-02 16:13:47.476498:   Class 4: 0.5511
2025-12-02 16:13:47.477254:   Class 5: 0.5144
2025-12-02 16:13:47.477870:   Class 6: 0.4330
2025-12-02 16:13:47.478413:   Class 7: 0.7270
2025-12-02 16:13:47.478977:   Class 8: 0.7859
2025-12-02 16:13:47.479538:   Class 9: 0.6797
2025-12-02 16:13:47.481788: Epoch 33/50 - Loss: 0.0145, Val IoU: 0.6661
2025-12-02 16:17:14.179119: Val IoU (mean): 0.6798
2025-12-02 16:17:14.180930: Per-class IoU:
2025-12-02 16:17:14.182852:   Class 0: 0.9829
2025-12-02 16:17:14.183611:   Class 1: 0.6866
2025-12-02 16:17:14.184368:   Class 2: 0.6243
2025-12-02 16:17:14.185127:   Class 3: 0.6774
2025-12-02 16:17:14.185896:   Class 4: 0.5748
2025-12-02 16:17:14.186689:   Class 5: 0.5455
2025-12-02 16:17:14.187434:   Class 6: 0.4423
2025-12-02 16:17:14.188296:   Class 7: 0.7113
2025-12-02 16:17:14.189090:   Class 8: 0.8224
2025-12-02 16:17:14.189848:   Class 9: 0.7301
2025-12-02 16:17:14.192416: Epoch 34/50 - Loss: 0.0130, Val IoU: 0.6798
2025-12-02 16:20:46.748986: Val IoU (mean): 0.6755
2025-12-02 16:20:46.749736: Per-class IoU:
2025-12-02 16:20:46.750480:   Class 0: 0.9830
2025-12-02 16:20:46.751065:   Class 1: 0.6547
2025-12-02 16:20:46.751623:   Class 2: 0.6538
2025-12-02 16:20:46.752224:   Class 3: 0.6801
2025-12-02 16:20:46.752785:   Class 4: 0.5763
2025-12-02 16:20:46.753375:   Class 5: 0.5318
2025-12-02 16:20:46.753988:   Class 6: 0.4268
2025-12-02 16:20:46.754595:   Class 7: 0.7167
2025-12-02 16:20:46.755125:   Class 8: 0.8014
2025-12-02 16:20:46.755714:   Class 9: 0.7302
2025-12-02 16:20:46.757836: Epoch 35/50 - Loss: 0.0128, Val IoU: 0.6755
2025-12-02 16:24:19.096036: Val IoU (mean): 0.6750
2025-12-02 16:24:19.097014: Per-class IoU:
2025-12-02 16:24:19.097761:   Class 0: 0.9830
2025-12-02 16:24:19.098519:   Class 1: 0.6654
2025-12-02 16:24:19.099276:   Class 2: 0.5967
2025-12-02 16:24:19.100052:   Class 3: 0.6938
2025-12-02 16:24:19.100821:   Class 4: 0.5651
2025-12-02 16:24:19.101923:   Class 5: 0.5338
2025-12-02 16:24:19.102704:   Class 6: 0.4438
2025-12-02 16:24:19.103458:   Class 7: 0.7138
2025-12-02 16:24:19.104224:   Class 8: 0.8236
2025-12-02 16:24:19.104983:   Class 9: 0.7307
2025-12-02 16:24:19.107559: Epoch 36/50 - Loss: 0.0122, Val IoU: 0.6750
2025-12-02 16:27:45.480076: Val IoU (mean): 0.6775
2025-12-02 16:27:45.480963: Per-class IoU:
2025-12-02 16:27:45.481708:   Class 0: 0.9837
2025-12-02 16:27:45.482484:   Class 1: 0.6646
2025-12-02 16:27:45.483238:   Class 2: 0.6026
2025-12-02 16:27:45.483998:   Class 3: 0.6956
2025-12-02 16:27:45.484756:   Class 4: 0.5626
2025-12-02 16:27:45.485516:   Class 5: 0.5300
2025-12-02 16:27:45.486286:   Class 6: 0.4138
2025-12-02 16:27:45.487045:   Class 7: 0.7383
2025-12-02 16:27:45.487809:   Class 8: 0.8382
2025-12-02 16:27:45.488569:   Class 9: 0.7451
2025-12-02 16:27:45.491013: Epoch 37/50 - Loss: 0.0106, Val IoU: 0.6775
2025-12-02 16:31:12.172479: Val IoU (mean): 0.6817
2025-12-02 16:31:12.174131: Per-class IoU:
2025-12-02 16:31:12.177479:   Class 0: 0.9838
2025-12-02 16:31:12.180419:   Class 1: 0.6626
2025-12-02 16:31:12.181174:   Class 2: 0.6336
2025-12-02 16:31:12.181935:   Class 3: 0.6891
2025-12-02 16:31:12.185382:   Class 4: 0.5664
2025-12-02 16:31:12.186156:   Class 5: 0.5536
2025-12-02 16:31:12.187032:   Class 6: 0.4121
2025-12-02 16:31:12.188426:   Class 7: 0.7230
2025-12-02 16:31:12.191506:   Class 8: 0.8421
2025-12-02 16:31:12.192455:   Class 9: 0.7510
2025-12-02 16:31:12.195016: Epoch 38/50 - Loss: 0.0094, Val IoU: 0.6817
2025-12-02 16:34:38.364712: Val IoU (mean): 0.6897
2025-12-02 16:34:38.365436: Per-class IoU:
2025-12-02 16:34:38.366038:   Class 0: 0.9845
2025-12-02 16:34:38.366599:   Class 1: 0.6843
2025-12-02 16:34:38.367146:   Class 2: 0.6349
2025-12-02 16:34:38.367771:   Class 3: 0.6919
2025-12-02 16:34:38.368339:   Class 4: 0.5606
2025-12-02 16:34:38.368873:   Class 5: 0.5948
2025-12-02 16:34:38.369422:   Class 6: 0.4317
2025-12-02 16:34:38.369981:   Class 7: 0.7270
2025-12-02 16:34:38.370532:   Class 8: 0.8329
2025-12-02 16:34:38.371091:   Class 9: 0.7538
2025-12-02 16:34:38.373447: Epoch 39/50 - Loss: 0.0097, Val IoU: 0.6897
2025-12-02 16:34:43.219639:   New best IoU: 0.6897
2025-12-02 16:34:43.220882: Epoch 40: Unfroze layer1
2025-12-02 16:38:27.792415: Val IoU (mean): 0.6357
2025-12-02 16:38:27.793207: Per-class IoU:
2025-12-02 16:38:27.793990:   Class 0: 0.9809
2025-12-02 16:38:27.794627:   Class 1: 0.6942
2025-12-02 16:38:27.795350:   Class 2: 0.5120
2025-12-02 16:38:27.795964:   Class 3: 0.6555
2025-12-02 16:38:27.796679:   Class 4: 0.4901
2025-12-02 16:38:27.798069:   Class 5: 0.5433
2025-12-02 16:38:27.798902:   Class 6: 0.3839
2025-12-02 16:38:27.799661:   Class 7: 0.6781
2025-12-02 16:38:27.800419:   Class 8: 0.7263
2025-12-02 16:38:27.801179:   Class 9: 0.6930
2025-12-02 16:38:27.803479: Epoch 40/50 - Loss: 0.0155, Val IoU: 0.6357
2025-12-02 16:42:14.089144: Val IoU (mean): 0.6819
2025-12-02 16:42:14.091697: Per-class IoU:
2025-12-02 16:42:14.092581:   Class 0: 0.9840
2025-12-02 16:42:14.093327:   Class 1: 0.6318
2025-12-02 16:42:14.093907:   Class 2: 0.5961
2025-12-02 16:42:14.094867:   Class 3: 0.6801
2025-12-02 16:42:14.095429:   Class 4: 0.5948
2025-12-02 16:42:14.095990:   Class 5: 0.5995
2025-12-02 16:42:14.097127:   Class 6: 0.4148
2025-12-02 16:42:14.098275:   Class 7: 0.7310
2025-12-02 16:42:14.098807:   Class 8: 0.8466
2025-12-02 16:42:14.099363:   Class 9: 0.7401
2025-12-02 16:42:14.101569: Epoch 41/50 - Loss: 0.0155, Val IoU: 0.6819
2025-12-02 16:45:59.160421: Val IoU (mean): 0.6883
2025-12-02 16:45:59.161787: Per-class IoU:
2025-12-02 16:45:59.162545:   Class 0: 0.9848
2025-12-02 16:45:59.163300:   Class 1: 0.6645
2025-12-02 16:45:59.164059:   Class 2: 0.5995
2025-12-02 16:45:59.166022:   Class 3: 0.6874
2025-12-02 16:45:59.167064:   Class 4: 0.5699
2025-12-02 16:45:59.167830:   Class 5: 0.5998
2025-12-02 16:45:59.168591:   Class 6: 0.4200
2025-12-02 16:45:59.169371:   Class 7: 0.7394
2025-12-02 16:45:59.170132:   Class 8: 0.8591
2025-12-02 16:45:59.171710:   Class 9: 0.7583
2025-12-02 16:45:59.175387: Epoch 42/50 - Loss: 0.0102, Val IoU: 0.6883
2025-12-02 16:49:42.906634: Val IoU (mean): 0.6908
2025-12-02 16:49:42.907442: Per-class IoU:
2025-12-02 16:49:42.908030:   Class 0: 0.9849
2025-12-02 16:49:42.908790:   Class 1: 0.6564
2025-12-02 16:49:42.909548:   Class 2: 0.6196
2025-12-02 16:49:42.910304:   Class 3: 0.6959
2025-12-02 16:49:42.911062:   Class 4: 0.5640
2025-12-02 16:49:42.911823:   Class 5: 0.5992
2025-12-02 16:49:42.912582:   Class 6: 0.4197
2025-12-02 16:49:42.913342:   Class 7: 0.7480
2025-12-02 16:49:42.914101:   Class 8: 0.8674
2025-12-02 16:49:42.914860:   Class 9: 0.7529
2025-12-02 16:49:42.917330: Epoch 43/50 - Loss: 0.0087, Val IoU: 0.6908
2025-12-02 16:49:47.719079:   New best IoU: 0.6908
2025-12-02 16:53:38.522167: Val IoU (mean): 0.6899
2025-12-02 16:53:38.522978: Per-class IoU:
2025-12-02 16:53:38.523743:   Class 0: 0.9851
2025-12-02 16:53:38.524500:   Class 1: 0.6732
2025-12-02 16:53:38.525256:   Class 2: 0.6135
2025-12-02 16:53:38.526016:   Class 3: 0.6975
2025-12-02 16:53:38.526776:   Class 4: 0.5671
2025-12-02 16:53:38.527537:   Class 5: 0.5599
2025-12-02 16:53:38.528338:   Class 6: 0.4201
2025-12-02 16:53:38.529724:   Class 7: 0.7622
2025-12-02 16:53:38.530484:   Class 8: 0.8594
2025-12-02 16:53:38.531239:   Class 9: 0.7610
2025-12-02 16:53:38.533528: Epoch 44/50 - Loss: 0.0088, Val IoU: 0.6899
2025-12-02 16:57:28.529313: Val IoU (mean): 0.6858
2025-12-02 16:57:28.530189: Per-class IoU:
2025-12-02 16:57:28.530831:   Class 0: 0.9847
2025-12-02 16:57:28.531574:   Class 1: 0.6518
2025-12-02 16:57:28.532240:   Class 2: 0.6082
2025-12-02 16:57:28.532973:   Class 3: 0.6939
2025-12-02 16:57:28.533733:   Class 4: 0.5544
2025-12-02 16:57:28.535545:   Class 5: 0.5770
2025-12-02 16:57:28.536357:   Class 6: 0.4214
2025-12-02 16:57:28.537115:   Class 7: 0.7551
2025-12-02 16:57:28.537875:   Class 8: 0.8561
2025-12-02 16:57:28.538638:   Class 9: 0.7553
2025-12-02 16:57:28.541224: Epoch 45/50 - Loss: 0.0084, Val IoU: 0.6858
2025-12-02 17:01:12.750263: Val IoU (mean): 0.6909
2025-12-02 17:01:12.751147: Per-class IoU:
2025-12-02 17:01:12.751773:   Class 0: 0.9851
2025-12-02 17:01:12.752353:   Class 1: 0.6588
2025-12-02 17:01:12.753128:   Class 2: 0.6157
2025-12-02 17:01:12.753771:   Class 3: 0.7015
2025-12-02 17:01:12.754476:   Class 4: 0.5582
2025-12-02 17:01:12.755066:   Class 5: 0.5960
2025-12-02 17:01:12.755725:   Class 6: 0.4166
2025-12-02 17:01:12.756328:   Class 7: 0.7519
2025-12-02 17:01:12.756951:   Class 8: 0.8692
2025-12-02 17:01:12.757662:   Class 9: 0.7560
2025-12-02 17:01:12.759769: Epoch 46/50 - Loss: 0.0080, Val IoU: 0.6909
2025-12-02 17:01:17.574801:   New best IoU: 0.6909
2025-12-02 17:05:02.249650: Val IoU (mean): 0.6951
2025-12-02 17:05:02.250479: Per-class IoU:
2025-12-02 17:05:02.251239:   Class 0: 0.9847
2025-12-02 17:05:02.252003:   Class 1: 0.6593
2025-12-02 17:05:02.252765:   Class 2: 0.6289
2025-12-02 17:05:02.253521:   Class 3: 0.7046
2025-12-02 17:05:02.254638:   Class 4: 0.5648
2025-12-02 17:05:02.255916:   Class 5: 0.5870
2025-12-02 17:05:02.256706:   Class 6: 0.4559
2025-12-02 17:05:02.257468:   Class 7: 0.7492
2025-12-02 17:05:02.258222:   Class 8: 0.8693
2025-12-02 17:05:02.259000:   Class 9: 0.7470
2025-12-02 17:05:02.261233: Epoch 47/50 - Loss: 0.0079, Val IoU: 0.6951
2025-12-02 17:05:07.070091:   New best IoU: 0.6951
2025-12-02 17:08:50.482474: Val IoU (mean): 0.6920
2025-12-02 17:08:50.483324: Per-class IoU:
2025-12-02 17:08:50.484548:   Class 0: 0.9846
2025-12-02 17:08:50.485309:   Class 1: 0.6540
2025-12-02 17:08:50.486068:   Class 2: 0.6123
2025-12-02 17:08:50.487789:   Class 3: 0.6945
2025-12-02 17:08:50.488547:   Class 4: 0.5604
2025-12-02 17:08:50.489430:   Class 5: 0.6058
2025-12-02 17:08:50.490192:   Class 6: 0.4441
2025-12-02 17:08:50.490951:   Class 7: 0.7575
2025-12-02 17:08:50.491710:   Class 8: 0.8643
2025-12-02 17:08:50.492475:   Class 9: 0.7425
2025-12-02 17:08:50.494833: Epoch 48/50 - Loss: 0.0079, Val IoU: 0.6920
2025-12-02 17:12:40.776357: Val IoU (mean): 0.6941
2025-12-02 17:12:40.778642: Per-class IoU:
2025-12-02 17:12:40.779298:   Class 0: 0.9851
2025-12-02 17:12:40.780057:   Class 1: 0.6685
2025-12-02 17:12:40.780814:   Class 2: 0.6257
2025-12-02 17:12:40.781573:   Class 3: 0.7060
2025-12-02 17:12:40.782334:   Class 4: 0.5548
2025-12-02 17:12:40.783093:   Class 5: 0.5817
2025-12-02 17:12:40.783855:   Class 6: 0.4485
2025-12-02 17:12:40.784615:   Class 7: 0.7573
2025-12-02 17:12:40.785375:   Class 8: 0.8637
2025-12-02 17:12:40.786131:   Class 9: 0.7499
2025-12-02 17:12:40.788228: Epoch 49/50 - Loss: 0.0073, Val IoU: 0.6941
2025-12-02 17:16:25.259091: Val IoU (mean): 0.6932
2025-12-02 17:16:25.259823: Per-class IoU:
2025-12-02 17:16:25.260465:   Class 0: 0.9851
2025-12-02 17:16:25.261102:   Class 1: 0.6581
2025-12-02 17:16:25.261712:   Class 2: 0.6279
2025-12-02 17:16:25.262383:   Class 3: 0.6992
2025-12-02 17:16:25.262972:   Class 4: 0.5542
2025-12-02 17:16:25.263592:   Class 5: 0.5781
2025-12-02 17:16:25.264201:   Class 6: 0.4421
2025-12-02 17:16:25.265104:   Class 7: 0.7612
2025-12-02 17:16:25.265713:   Class 8: 0.8699
2025-12-02 17:16:25.266989:   Class 9: 0.7560
2025-12-02 17:16:25.269287: Epoch 50/50 - Loss: 0.0069, Val IoU: 0.6932
2025-12-02 17:16:26.935763: 
Training completed! Best IoU: 0.6951
2025-12-02 17:16:27.053153: Metrics saved to /home/3182217/segmentation_cv/EcoEyeSpy/deeplab_training/training_results_20251202_142848/training_metrics.csv
2025-12-02 17:16:28.212035: Training plots saved to /home/3182217/segmentation_cv/EcoEyeSpy/deeplab_training/training_results_20251202_142848/plots/training_results.png
2025-12-02 17:17:49.976314: 
==================================================
2025-12-02 17:17:49.977691: TEST RESULTS
2025-12-02 17:17:49.978439: ==================================================
2025-12-02 17:17:49.979198: Test Loss: 0.1214
2025-12-02 17:17:49.979959: Test Accuracy: 0.9825
2025-12-02 17:17:49.980718: Test Mean IoU: 0.7167
2025-12-02 17:17:49.981481: 
Per-category IoU:
2025-12-02 17:17:49.982567:   Category 0 (dense 0): 0.9877
2025-12-02 17:17:49.983322:   Category 1 (dense 1): 0.7555
2025-12-02 17:17:49.984143:   Category 2 (dense 2): 0.6433
2025-12-02 17:17:49.986255:   Category 3 (dense 3): 0.7205
2025-12-02 17:17:49.987053:   Category 6 (dense 4): 0.8062
2025-12-02 17:17:49.988392:   Category 7 (dense 5): 0.4414
2025-12-02 17:17:49.989183:   Category 16 (dense 6): 0.6157
2025-12-02 17:17:49.989962:   Category 17 (dense 7): 0.8254
2025-12-02 17:17:49.990718:   Category 18 (dense 8): 0.8799
2025-12-02 17:17:49.991537:   Category 20 (dense 9): 0.4912
2025-12-02 17:17:49.992327: 
Predictions saved to: /home/3182217/segmentation_cv/EcoEyeSpy/deeplab_training/training_results_20251202_142848/predictions
2025-12-02 17:17:49.993224: ==================================================

2025-12-02 17:17:49.997856: 
All results saved to: /home/3182217/segmentation_cv/EcoEyeSpy/deeplab_training/training_results_20251202_142848
2025-12-02 17:17:49.998698: Training complete!
